[2021-11-27T20:00:03.118+0700][0.036s] Using G1
[2021-11-27T20:00:03.842+0700][0.760s] Version: 17.0.1+12-39 (release)
[2021-11-27T20:00:03.842+0700][0.760s] CPUs: 4 total, 4 available
[2021-11-27T20:00:03.843+0700][0.760s] Memory: 8112M
[2021-11-27T20:00:03.843+0700][0.760s] Large Page Support: Disabled
[2021-11-27T20:00:03.843+0700][0.761s] NUMA Support: Disabled
[2021-11-27T20:00:03.843+0700][0.761s] Compressed Oops: Enabled (Zero based)
[2021-11-27T20:00:03.843+0700][0.761s] Heap Region Size: 2M
[2021-11-27T20:00:03.843+0700][0.761s] Heap Min Capacity: 1G
[2021-11-27T20:00:03.843+0700][0.761s] Heap Initial Capacity: 1G
[2021-11-27T20:00:03.843+0700][0.761s] Heap Max Capacity: 4G
[2021-11-27T20:00:03.843+0700][0.761s] Pre-touch: Enabled
[2021-11-27T20:00:03.860+0700][0.778s] Parallel Workers: 4
[2021-11-27T20:00:03.860+0700][0.778s] Concurrent Workers: 1
[2021-11-27T20:00:03.860+0700][0.778s] Concurrent Refinement Workers: 4
[2021-11-27T20:00:03.860+0700][0.778s] Periodic GC: Disabled
[2021-11-27T20:00:03.868+0700][0.786s] CDS archive(s) mapped at: [0x0000000800000000-0x0000000800bc0000-0x0000000800bc0000), size 12320768, SharedBaseAddress: 0x0000000800000000, ArchiveRelocationMode: 0.
[2021-11-27T20:00:03.868+0700][0.786s] Compressed class space mapped at: 0x0000000800c00000-0x0000000840c00000, reserved size: 1073741824
[2021-11-27T20:00:03.868+0700][0.786s] Narrow klass base: 0x0000000800000000, Narrow klass shift: 0, Narrow klass range: 0x100000000
[2021-11-27T20:00:07.848+0700][4.765s] GC(0) Pause Young (Normal) (G1 Evacuation Pause)
[2021-11-27T20:00:07.848+0700][4.766s] GC(0) Using 4 workers of 4 for evacuation
[2021-11-27T20:00:07.874+0700][4.791s] GC(0)   Pre Evacuate Collection Set: 0.1ms
[2021-11-27T20:00:07.874+0700][4.791s] GC(0)   Merge Heap Roots: 0.1ms
[2021-11-27T20:00:07.874+0700][4.791s] GC(0)   Evacuate Collection Set: 24.2ms
[2021-11-27T20:00:07.874+0700][4.791s] GC(0)   Post Evacuate Collection Set: 0.8ms
[2021-11-27T20:00:07.874+0700][4.791s] GC(0)   Other: 0.7ms
[2021-11-27T20:00:07.874+0700][4.791s] GC(0) Eden regions: 25->0(21)
[2021-11-27T20:00:07.874+0700][4.792s] GC(0) Survivor regions: 0->4(4)
[2021-11-27T20:00:07.874+0700][4.792s] GC(0) Old regions: 0->2
[2021-11-27T20:00:07.874+0700][4.792s] GC(0) Archive regions: 0->0
[2021-11-27T20:00:07.874+0700][4.792s] GC(0) Humongous regions: 2->2
[2021-11-27T20:00:07.874+0700][4.792s] GC(0) Metaspace: 13287K(13504K)->13287K(13504K) NonClass: 11753K(11840K)->11753K(11840K) Class: 1534K(1664K)->1534K(1664K)
[2021-11-27T20:00:07.874+0700][4.792s] GC(0) Pause Young (Normal) (G1 Evacuation Pause) 54M->15M(1024M) 26.255ms
[2021-11-27T20:00:07.874+0700][4.792s] GC(0) User=0.05s Sys=0.00s Real=0.03s
[2021-11-27T20:00:09.596+0700][6.514s] GC(1) Pause Young (Normal) (G1 Evacuation Pause)
[2021-11-27T20:00:09.596+0700][6.514s] GC(1) Using 4 workers of 4 for evacuation
[2021-11-27T20:00:09.611+0700][6.529s] GC(1)   Pre Evacuate Collection Set: 0.1ms
[2021-11-27T20:00:09.611+0700][6.529s] GC(1)   Merge Heap Roots: 0.1ms
[2021-11-27T20:00:09.611+0700][6.529s] GC(1)   Evacuate Collection Set: 13.6ms
[2021-11-27T20:00:09.611+0700][6.529s] GC(1)   Post Evacuate Collection Set: 1.0ms
[2021-11-27T20:00:09.611+0700][6.529s] GC(1)   Other: 0.2ms
[2021-11-27T20:00:09.611+0700][6.529s] GC(1) Eden regions: 21->0(21)
[2021-11-27T20:00:09.611+0700][6.529s] GC(1) Survivor regions: 4->4(4)
[2021-11-27T20:00:09.611+0700][6.529s] GC(1) Old regions: 2->6
[2021-11-27T20:00:09.611+0700][6.529s] GC(1) Archive regions: 0->0
[2021-11-27T20:00:09.611+0700][6.529s] GC(1) Humongous regions: 2->2
[2021-11-27T20:00:09.611+0700][6.529s] GC(1) Metaspace: 17791K(18048K)->17791K(18048K) NonClass: 15743K(15872K)->15743K(15872K) Class: 2048K(2176K)->2048K(2176K)
[2021-11-27T20:00:09.611+0700][6.529s] GC(1) Pause Young (Normal) (G1 Evacuation Pause) 57M->23M(1024M) 15.237ms
[2021-11-27T20:00:09.611+0700][6.529s] GC(1) User=0.06s Sys=0.00s Real=0.02s
[2021-11-27T20:00:10.883+0700][7.801s] GC(2) Pause Young (Concurrent Start) (Metadata GC Threshold)
[2021-11-27T20:00:10.883+0700][7.801s] GC(2) Using 4 workers of 4 for evacuation
[2021-11-27T20:00:10.893+0700][7.811s] GC(2)   Pre Evacuate Collection Set: 0.1ms
[2021-11-27T20:00:10.893+0700][7.811s] GC(2)   Merge Heap Roots: 0.1ms
[2021-11-27T20:00:10.893+0700][7.811s] GC(2)   Evacuate Collection Set: 9.0ms
[2021-11-27T20:00:10.893+0700][7.811s] GC(2)   Post Evacuate Collection Set: 0.4ms
[2021-11-27T20:00:10.893+0700][7.811s] GC(2)   Other: 0.4ms
[2021-11-27T20:00:10.893+0700][7.811s] GC(2) Eden regions: 12->0(46)
[2021-11-27T20:00:10.893+0700][7.811s] GC(2) Survivor regions: 4->1(4)
[2021-11-27T20:00:10.893+0700][7.811s] GC(2) Old regions: 6->10
[2021-11-27T20:00:10.893+0700][7.811s] GC(2) Archive regions: 0->0
[2021-11-27T20:00:10.893+0700][7.811s] GC(2) Humongous regions: 2->2
[2021-11-27T20:00:10.893+0700][7.811s] GC(2) Metaspace: 21299K(21504K)->21299K(21504K) NonClass: 18864K(18944K)->18864K(18944K) Class: 2434K(2560K)->2434K(2560K)
[2021-11-27T20:00:10.893+0700][7.811s] GC(2) Pause Young (Concurrent Start) (Metadata GC Threshold) 46M->24M(1024M) 10.509ms
[2021-11-27T20:00:10.893+0700][7.811s] GC(2) User=0.00s Sys=0.00s Real=0.01s
[2021-11-27T20:00:10.893+0700][7.811s] GC(3) Concurrent Mark Cycle
[2021-11-27T20:00:10.893+0700][7.811s] GC(3) Concurrent Clear Claimed Marks
[2021-11-27T20:00:10.894+0700][7.811s] GC(3) Concurrent Clear Claimed Marks 0.049ms
[2021-11-27T20:00:10.894+0700][7.811s] GC(3) Concurrent Scan Root Regions
[2021-11-27T20:00:10.898+0700][7.815s] GC(3) Concurrent Scan Root Regions 4.057ms
[2021-11-27T20:00:10.898+0700][7.815s] GC(3) Concurrent Mark
[2021-11-27T20:00:10.898+0700][7.816s] GC(3) Concurrent Mark From Roots
[2021-11-27T20:00:10.898+0700][7.816s] GC(3) Using 1 workers of 1 for marking
[2021-11-27T20:00:10.957+0700][7.875s] GC(3) Concurrent Mark From Roots 59.306ms
[2021-11-27T20:00:10.957+0700][7.875s] GC(3) Concurrent Preclean
[2021-11-27T20:00:10.957+0700][7.875s] GC(3) Concurrent Preclean 0.199ms
[2021-11-27T20:00:10.958+0700][7.876s] GC(3) Pause Remark
[2021-11-27T20:00:10.962+0700][7.880s] GC(3) Pause Remark 26M->26M(1024M) 4.318ms
[2021-11-27T20:00:10.962+0700][7.880s] GC(3) User=0.00s Sys=0.00s Real=0.00s
[2021-11-27T20:00:10.965+0700][7.882s] GC(3) Concurrent Mark 66.884ms
[2021-11-27T20:00:10.965+0700][7.882s] GC(3) Concurrent Rebuild Remembered Sets
[2021-11-27T20:00:10.995+0700][7.913s] GC(3) Concurrent Rebuild Remembered Sets 30.291ms
[2021-11-27T20:00:10.995+0700][7.913s] GC(3) Pause Cleanup
[2021-11-27T20:00:10.996+0700][7.913s] GC(3) Pause Cleanup 27M->27M(1024M) 0.191ms
[2021-11-27T20:00:10.996+0700][7.913s] GC(3) User=0.00s Sys=0.00s Real=0.00s
[2021-11-27T20:00:10.999+0700][7.917s] GC(3) Concurrent Cleanup for Next Mark
[2021-11-27T20:00:11.002+0700][7.919s] GC(3) Concurrent Cleanup for Next Mark 2.386ms
[2021-11-27T20:00:11.002+0700][7.919s] GC(3) Concurrent Mark Cycle 108.211ms
[2021-11-27T20:00:15.362+0700][12.280s] GC(4) Pause Young (Normal) (G1 Evacuation Pause)
[2021-11-27T20:00:15.362+0700][12.280s] GC(4) Using 4 workers of 4 for evacuation
[2021-11-27T20:00:15.375+0700][12.293s] GC(4)   Pre Evacuate Collection Set: 0.1ms
[2021-11-27T20:00:15.375+0700][12.293s] GC(4)   Merge Heap Roots: 0.1ms
[2021-11-27T20:00:15.375+0700][12.293s] GC(4)   Evacuate Collection Set: 11.8ms
[2021-11-27T20:00:15.375+0700][12.293s] GC(4)   Post Evacuate Collection Set: 0.7ms
[2021-11-27T20:00:15.375+0700][12.293s] GC(4)   Other: 0.3ms
[2021-11-27T20:00:15.375+0700][12.293s] GC(4) Eden regions: 46->0(152)
[2021-11-27T20:00:15.375+0700][12.293s] GC(4) Survivor regions: 1->6(6)
[2021-11-27T20:00:15.375+0700][12.293s] GC(4) Old regions: 10->10
[2021-11-27T20:00:15.375+0700][12.293s] GC(4) Archive regions: 0->0
[2021-11-27T20:00:15.375+0700][12.293s] GC(4) Humongous regions: 2->2
[2021-11-27T20:00:15.375+0700][12.293s] GC(4) Metaspace: 30400K(30720K)->30400K(30720K) NonClass: 26823K(27008K)->26823K(27008K) Class: 3577K(3712K)->3577K(3712K)
[2021-11-27T20:00:15.375+0700][12.293s] GC(4) Pause Young (Normal) (G1 Evacuation Pause) 116M->33M(1024M) 13.225ms
[2021-11-27T20:00:15.375+0700][12.293s] GC(4) User=0.06s Sys=0.00s Real=0.01s
[2021-11-27T20:00:16.974+0700][13.892s] GC(5) Pause Young (Normal) (G1 Evacuation Pause)
[2021-11-27T20:00:16.974+0700][13.892s] GC(5) Using 4 workers of 4 for evacuation
[2021-11-27T20:00:16.989+0700][13.908s] GC(5)   Pre Evacuate Collection Set: 0.1ms
[2021-11-27T20:00:16.989+0700][13.908s] GC(5)   Merge Heap Roots: 0.1ms
[2021-11-27T20:00:16.989+0700][13.908s] GC(5)   Evacuate Collection Set: 13.9ms
[2021-11-27T20:00:16.989+0700][13.908s] GC(5)   Post Evacuate Collection Set: 0.9ms
[2021-11-27T20:00:16.990+0700][13.908s] GC(5)   Other: 0.4ms
[2021-11-27T20:00:16.990+0700][13.908s] GC(5) Eden regions: 152->0(300)
[2021-11-27T20:00:16.990+0700][13.908s] GC(5) Survivor regions: 6->7(20)
[2021-11-27T20:00:16.990+0700][13.908s] GC(5) Old regions: 10->10
[2021-11-27T20:00:16.990+0700][13.908s] GC(5) Archive regions: 0->0
[2021-11-27T20:00:16.990+0700][13.908s] GC(5) Humongous regions: 2->2
[2021-11-27T20:00:16.990+0700][13.908s] GC(5) Metaspace: 32563K(32768K)->32563K(32768K) NonClass: 28752K(28864K)->28752K(28864K) Class: 3810K(3904K)->3810K(3904K)
[2021-11-27T20:00:16.990+0700][13.908s] GC(5) Pause Young (Normal) (G1 Evacuation Pause) 337M->36M(1024M) 15.906ms
[2021-11-27T20:00:16.990+0700][13.908s] GC(5) User=0.06s Sys=0.00s Real=0.02s
[2021-11-27T20:00:19.202+0700][16.120s] GC(6) Pause Young (Concurrent Start) (Metadata GC Threshold)
[2021-11-27T20:00:19.202+0700][16.120s] GC(6) Using 4 workers of 4 for evacuation
[2021-11-27T20:00:19.216+0700][16.134s] GC(6)   Pre Evacuate Collection Set: 0.1ms
[2021-11-27T20:00:19.217+0700][16.135s] GC(6)   Merge Heap Roots: 0.1ms
[2021-11-27T20:00:19.217+0700][16.135s] GC(6)   Evacuate Collection Set: 13.2ms
[2021-11-27T20:00:19.217+0700][16.135s] GC(6)   Post Evacuate Collection Set: 0.8ms
[2021-11-27T20:00:19.217+0700][16.135s] GC(6)   Other: 0.3ms
[2021-11-27T20:00:19.217+0700][16.135s] GC(6) Eden regions: 120->0(299)
[2021-11-27T20:00:19.217+0700][16.135s] GC(6) Survivor regions: 7->8(39)
[2021-11-27T20:00:19.217+0700][16.135s] GC(6) Old regions: 10->10
[2021-11-27T20:00:19.217+0700][16.135s] GC(6) Archive regions: 0->0
[2021-11-27T20:00:19.217+0700][16.135s] GC(6) Humongous regions: 2->2
[2021-11-27T20:00:19.217+0700][16.135s] GC(6) Metaspace: 35810K(36096K)->35810K(36096K) NonClass: 31575K(31680K)->31575K(31680K) Class: 4234K(4416K)->4234K(4416K)
[2021-11-27T20:00:19.217+0700][16.135s] GC(6) Pause Young (Concurrent Start) (Metadata GC Threshold) 275M->37M(1024M) 14.959ms
[2021-11-27T20:00:19.217+0700][16.135s] GC(6) User=0.06s Sys=0.00s Real=0.02s
[2021-11-27T20:00:19.217+0700][16.135s] GC(7) Concurrent Mark Cycle
[2021-11-27T20:00:19.217+0700][16.135s] GC(7) Concurrent Clear Claimed Marks
[2021-11-27T20:00:19.217+0700][16.135s] GC(7) Concurrent Clear Claimed Marks 0.062ms
[2021-11-27T20:00:19.217+0700][16.135s] GC(7) Concurrent Scan Root Regions
[2021-11-27T20:00:19.232+0700][16.150s] GC(7) Concurrent Scan Root Regions 14.292ms
[2021-11-27T20:00:19.232+0700][16.150s] GC(7) Concurrent Mark
[2021-11-27T20:00:19.232+0700][16.150s] GC(7) Concurrent Mark From Roots
[2021-11-27T20:00:19.232+0700][16.150s] GC(7) Using 1 workers of 1 for marking
[2021-11-27T20:00:19.299+0700][16.217s] GC(7) Concurrent Mark From Roots 67.275ms
[2021-11-27T20:00:19.299+0700][16.217s] GC(7) Concurrent Preclean
[2021-11-27T20:00:19.300+0700][16.218s] GC(7) Concurrent Preclean 0.360ms
[2021-11-27T20:00:19.305+0700][16.223s] GC(7) Pause Remark
[2021-11-27T20:00:19.314+0700][16.232s] GC(7) Pause Remark 41M->41M(1024M) 9.585ms
[2021-11-27T20:00:19.314+0700][16.232s] GC(7) User=0.00s Sys=0.00s Real=0.01s
[2021-11-27T20:00:19.315+0700][16.232s] GC(7) Concurrent Mark 82.768ms
[2021-11-27T20:00:19.315+0700][16.233s] GC(7) Concurrent Rebuild Remembered Sets
[2021-11-27T20:00:19.349+0700][16.267s] GC(7) Concurrent Rebuild Remembered Sets 34.703ms
[2021-11-27T20:00:19.350+0700][16.268s] GC(7) Pause Cleanup
[2021-11-27T20:00:19.350+0700][16.268s] GC(7) Pause Cleanup 41M->41M(1024M) 0.204ms
[2021-11-27T20:00:19.350+0700][16.268s] GC(7) User=0.00s Sys=0.00s Real=0.00s
[2021-11-27T20:00:19.350+0700][16.268s] GC(7) Concurrent Cleanup for Next Mark
[2021-11-27T20:00:19.353+0700][16.271s] GC(7) Concurrent Cleanup for Next Mark 3.013ms
[2021-11-27T20:00:19.353+0700][16.271s] GC(7) Concurrent Mark Cycle 135.918ms
[2021-11-27T20:00:22.075+0700][18.994s] GC(8) Pause Young (Normal) (G1 Evacuation Pause)
[2021-11-27T20:00:22.075+0700][18.994s] GC(8) Using 4 workers of 4 for evacuation
[2021-11-27T20:00:22.108+0700][19.027s] GC(8)   Pre Evacuate Collection Set: 0.1ms
[2021-11-27T20:00:22.109+0700][19.027s] GC(8)   Merge Heap Roots: 0.1ms
[2021-11-27T20:00:22.109+0700][19.027s] GC(8)   Evacuate Collection Set: 31.3ms
[2021-11-27T20:00:22.109+0700][19.027s] GC(8)   Post Evacuate Collection Set: 1.5ms
[2021-11-27T20:00:22.109+0700][19.027s] GC(8)   Other: 0.4ms
[2021-11-27T20:00:22.109+0700][19.027s] GC(8) Eden regions: 299->0(292)
[2021-11-27T20:00:22.109+0700][19.027s] GC(8) Survivor regions: 8->15(39)
[2021-11-27T20:00:22.109+0700][19.027s] GC(8) Old regions: 10->10
[2021-11-27T20:00:22.109+0700][19.027s] GC(8) Archive regions: 0->0
[2021-11-27T20:00:22.109+0700][19.027s] GC(8) Humongous regions: 2->2
[2021-11-27T20:00:22.109+0700][19.027s] GC(8) Metaspace: 41256K(41600K)->41256K(41600K) NonClass: 36377K(36544K)->36377K(36544K) Class: 4878K(5056K)->4878K(5056K)
[2021-11-27T20:00:22.109+0700][19.027s] GC(8) Pause Young (Normal) (G1 Evacuation Pause) 635M->52M(1024M) 33.810ms
[2021-11-27T20:00:22.109+0700][19.027s] GC(8) User=0.12s Sys=0.00s Real=0.03s
[2021-11-27T21:12:39.320+0700][4356.238s] Heap
[2021-11-27T21:12:39.320+0700][4356.238s]  garbage-first heap   total 1048576K, used 439252K [0x0000000700000000, 0x0000000800000000)
[2021-11-27T21:12:39.320+0700][4356.238s]   region size 2048K, 204 young (417792K), 15 survivors (30720K)
[2021-11-27T21:12:39.320+0700][4356.238s]  Metaspace       used 43283K, committed 43648K, reserved 1089536K
[2021-11-27T21:12:39.321+0700][4356.238s]   class space    used 5033K, committed 5184K, reserved 1048576K
