[2021-11-27T21:13:00.417+0700][0.026s] Using G1
[2021-11-27T21:13:04.556+0700][4.166s] Version: 17.0.1+12-39 (release)
[2021-11-27T21:13:04.557+0700][4.166s] CPUs: 4 total, 4 available
[2021-11-27T21:13:04.558+0700][4.167s] Memory: 8112M
[2021-11-27T21:13:04.558+0700][4.167s] Large Page Support: Disabled
[2021-11-27T21:13:04.558+0700][4.167s] NUMA Support: Disabled
[2021-11-27T21:13:04.558+0700][4.167s] Compressed Oops: Enabled (Zero based)
[2021-11-27T21:13:04.558+0700][4.167s] Heap Region Size: 2M
[2021-11-27T21:13:04.558+0700][4.167s] Heap Min Capacity: 4G
[2021-11-27T21:13:04.558+0700][4.167s] Heap Initial Capacity: 4G
[2021-11-27T21:13:04.558+0700][4.167s] Heap Max Capacity: 4G
[2021-11-27T21:13:04.559+0700][4.168s] Pre-touch: Enabled
[2021-11-27T21:13:04.559+0700][4.168s] Parallel Workers: 4
[2021-11-27T21:13:04.559+0700][4.168s] Concurrent Workers: 1
[2021-11-27T21:13:04.559+0700][4.168s] Concurrent Refinement Workers: 4
[2021-11-27T21:13:04.559+0700][4.168s] Periodic GC: Disabled
[2021-11-27T21:13:04.569+0700][4.178s] CDS archive(s) mapped at: [0x0000000800000000-0x0000000800bc0000-0x0000000800bc0000), size 12320768, SharedBaseAddress: 0x0000000800000000, ArchiveRelocationMode: 0.
[2021-11-27T21:13:04.569+0700][4.178s] Compressed class space mapped at: 0x0000000800c00000-0x0000000840c00000, reserved size: 1073741824
[2021-11-27T21:13:04.569+0700][4.178s] Narrow klass base: 0x0000000800000000, Narrow klass shift: 0, Narrow klass range: 0x100000000
[2021-11-27T21:13:11.653+0700][11.261s] GC(0) Pause Young (Concurrent Start) (Metadata GC Threshold)
[2021-11-27T21:13:11.653+0700][11.261s] GC(0) Using 4 workers of 4 for evacuation
[2021-11-27T21:13:11.682+0700][11.290s] GC(0)   Pre Evacuate Collection Set: 0.3ms
[2021-11-27T21:13:11.682+0700][11.290s] GC(0)   Merge Heap Roots: 0.2ms
[2021-11-27T21:13:11.682+0700][11.290s] GC(0)   Evacuate Collection Set: 25.8ms
[2021-11-27T21:13:11.682+0700][11.291s] GC(0)   Post Evacuate Collection Set: 1.7ms
[2021-11-27T21:13:11.682+0700][11.291s] GC(0)   Other: 1.2ms
[2021-11-27T21:13:11.682+0700][11.291s] GC(0) Eden regions: 61->0(92)
[2021-11-27T21:13:11.682+0700][11.291s] GC(0) Survivor regions: 0->10(13)
[2021-11-27T21:13:11.682+0700][11.291s] GC(0) Old regions: 0->0
[2021-11-27T21:13:11.682+0700][11.291s] GC(0) Archive regions: 0->0
[2021-11-27T21:13:11.682+0700][11.291s] GC(0) Humongous regions: 2->2
[2021-11-27T21:13:11.683+0700][11.291s] GC(0) Metaspace: 21330K(21504K)->21330K(21504K) NonClass: 18893K(18944K)->18893K(18944K) Class: 2437K(2560K)->2437K(2560K)
[2021-11-27T21:13:11.683+0700][11.291s] GC(0) Pause Young (Concurrent Start) (Metadata GC Threshold) 126M->22M(4096M) 29.986ms
[2021-11-27T21:13:11.683+0700][11.291s] GC(0) User=0.12s Sys=0.00s Real=0.03s
[2021-11-27T21:13:11.683+0700][11.291s] GC(1) Concurrent Mark Cycle
[2021-11-27T21:13:11.683+0700][11.291s] GC(1) Concurrent Clear Claimed Marks
[2021-11-27T21:13:11.683+0700][11.291s] GC(1) Concurrent Clear Claimed Marks 0.055ms
[2021-11-27T21:13:11.683+0700][11.291s] GC(1) Concurrent Scan Root Regions
[2021-11-27T21:13:11.700+0700][11.308s] GC(1) Concurrent Scan Root Regions 16.956ms
[2021-11-27T21:13:11.700+0700][11.309s] GC(1) Concurrent Mark
[2021-11-27T21:13:11.700+0700][11.309s] GC(1) Concurrent Mark From Roots
[2021-11-27T21:13:11.700+0700][11.309s] GC(1) Using 1 workers of 1 for marking
[2021-11-27T21:13:11.707+0700][11.315s] GC(1) Concurrent Mark From Roots 6.672ms
[2021-11-27T21:13:11.707+0700][11.315s] GC(1) Concurrent Preclean
[2021-11-27T21:13:11.707+0700][11.315s] GC(1) Concurrent Preclean 0.132ms
[2021-11-27T21:13:11.707+0700][11.316s] GC(1) Pause Remark
[2021-11-27T21:13:11.710+0700][11.319s] GC(1) Pause Remark 24M->24M(4096M) 3.190ms
[2021-11-27T21:13:11.711+0700][11.319s] GC(1) User=0.00s Sys=0.00s Real=0.00s
[2021-11-27T21:13:11.711+0700][11.319s] GC(1) Concurrent Mark 10.460ms
[2021-11-27T21:13:11.711+0700][11.319s] GC(1) Concurrent Rebuild Remembered Sets
[2021-11-27T21:13:11.711+0700][11.319s] GC(1) Concurrent Rebuild Remembered Sets 0.037ms
[2021-11-27T21:13:11.711+0700][11.319s] GC(1) Pause Cleanup
[2021-11-27T21:13:11.711+0700][11.319s] GC(1) Pause Cleanup 24M->24M(4096M) 0.108ms
[2021-11-27T21:13:11.711+0700][11.319s] GC(1) User=0.00s Sys=0.00s Real=0.00s
[2021-11-27T21:13:11.711+0700][11.320s] GC(1) Concurrent Cleanup for Next Mark
[2021-11-27T21:13:11.720+0700][11.328s] GC(1) Concurrent Cleanup for Next Mark 8.684ms
[2021-11-27T21:13:11.720+0700][11.329s] GC(1) Concurrent Mark Cycle 37.256ms
[2021-11-27T21:13:14.592+0700][14.201s] GC(2) Pause Young (Normal) (G1 Evacuation Pause)
[2021-11-27T21:13:14.592+0700][14.201s] GC(2) Using 4 workers of 4 for evacuation
[2021-11-27T21:13:14.631+0700][14.240s] GC(2)   Pre Evacuate Collection Set: 0.2ms
[2021-11-27T21:13:14.632+0700][14.240s] GC(2)   Merge Heap Roots: 0.1ms
[2021-11-27T21:13:14.632+0700][14.240s] GC(2)   Evacuate Collection Set: 37.8ms
[2021-11-27T21:13:14.632+0700][14.240s] GC(2)   Post Evacuate Collection Set: 1.2ms
[2021-11-27T21:13:14.632+0700][14.240s] GC(2)   Other: 0.3ms
[2021-11-27T21:13:14.632+0700][14.240s] GC(2) Eden regions: 92->0(96)
[2021-11-27T21:13:14.632+0700][14.240s] GC(2) Survivor regions: 10->6(13)
[2021-11-27T21:13:14.632+0700][14.240s] GC(2) Old regions: 0->10
[2021-11-27T21:13:14.632+0700][14.241s] GC(2) Archive regions: 0->0
[2021-11-27T21:13:14.632+0700][14.241s] GC(2) Humongous regions: 2->2
[2021-11-27T21:13:14.632+0700][14.241s] GC(2) Metaspace: 29671K(29888K)->29671K(29888K) NonClass: 26264K(26368K)->26264K(26368K) Class: 3407K(3520K)->3407K(3520K)
[2021-11-27T21:13:14.632+0700][14.241s] GC(2) Pause Young (Normal) (G1 Evacuation Pause) 206M->34M(4096M) 40.120ms
[2021-11-27T21:13:14.632+0700][14.241s] GC(2) User=0.12s Sys=0.06s Real=0.04s
[2021-11-27T21:13:15.150+0700][14.758s] GC(3) Pause Young (Normal) (G1 Evacuation Pause)
[2021-11-27T21:13:15.150+0700][14.758s] GC(3) Using 4 workers of 4 for evacuation
[2021-11-27T21:13:15.161+0700][14.770s] GC(3)   Pre Evacuate Collection Set: 0.3ms
[2021-11-27T21:13:15.162+0700][14.770s] GC(3)   Merge Heap Roots: 0.1ms
[2021-11-27T21:13:15.162+0700][14.770s] GC(3)   Evacuate Collection Set: 10.1ms
[2021-11-27T21:13:15.162+0700][14.770s] GC(3)   Post Evacuate Collection Set: 0.8ms
[2021-11-27T21:13:15.162+0700][14.770s] GC(3)   Other: 0.3ms
[2021-11-27T21:13:15.162+0700][14.770s] GC(3) Eden regions: 96->0(95)
[2021-11-27T21:13:15.162+0700][14.770s] GC(3) Survivor regions: 6->7(13)
[2021-11-27T21:13:15.162+0700][14.770s] GC(3) Old regions: 10->10
[2021-11-27T21:13:15.162+0700][14.770s] GC(3) Archive regions: 0->0
[2021-11-27T21:13:15.162+0700][14.770s] GC(3) Humongous regions: 2->2
[2021-11-27T21:13:15.162+0700][14.770s] GC(3) Metaspace: 31036K(31296K)->31036K(31296K) NonClass: 27450K(27584K)->27450K(27584K) Class: 3585K(3712K)->3585K(3712K)
[2021-11-27T21:13:15.162+0700][14.770s] GC(3) Pause Young (Normal) (G1 Evacuation Pause) 226M->35M(4096M) 12.204ms
[2021-11-27T21:13:15.162+0700][14.771s] GC(3) User=0.06s Sys=0.00s Real=0.01s
[2021-11-27T21:13:15.489+0700][15.097s] GC(4) Pause Young (Normal) (G1 Evacuation Pause)
[2021-11-27T21:13:15.489+0700][15.097s] GC(4) Using 4 workers of 4 for evacuation
[2021-11-27T21:13:15.500+0700][15.109s] GC(4)   Pre Evacuate Collection Set: 0.1ms
[2021-11-27T21:13:15.501+0700][15.109s] GC(4)   Merge Heap Roots: 0.1ms
[2021-11-27T21:13:15.501+0700][15.109s] GC(4)   Evacuate Collection Set: 10.6ms
[2021-11-27T21:13:15.501+0700][15.109s] GC(4)   Post Evacuate Collection Set: 0.6ms
[2021-11-27T21:13:15.501+0700][15.109s] GC(4)   Other: 0.2ms
[2021-11-27T21:13:15.501+0700][15.109s] GC(4) Eden regions: 95->0(122)
[2021-11-27T21:13:15.501+0700][15.109s] GC(4) Survivor regions: 7->7(13)
[2021-11-27T21:13:15.501+0700][15.109s] GC(4) Old regions: 10->10
[2021-11-27T21:13:15.501+0700][15.109s] GC(4) Archive regions: 0->0
[2021-11-27T21:13:15.501+0700][15.109s] GC(4) Humongous regions: 2->2
[2021-11-27T21:13:15.501+0700][15.109s] GC(4) Metaspace: 32185K(32384K)->32185K(32384K) NonClass: 28444K(28544K)->28444K(28544K) Class: 3741K(3840K)->3741K(3840K)
[2021-11-27T21:13:15.501+0700][15.109s] GC(4) Pause Young (Normal) (G1 Evacuation Pause) 225M->36M(4096M) 11.919ms
[2021-11-27T21:13:15.501+0700][15.109s] GC(4) User=0.00s Sys=0.00s Real=0.01s
[2021-11-27T21:13:17.528+0700][17.137s] GC(5) Pause Young (Concurrent Start) (Metadata GC Threshold)
[2021-11-27T21:13:17.528+0700][17.137s] GC(5) Using 4 workers of 4 for evacuation
[2021-11-27T21:13:17.543+0700][17.152s] GC(5)   Pre Evacuate Collection Set: 0.3ms
[2021-11-27T21:13:17.543+0700][17.152s] GC(5)   Merge Heap Roots: 0.1ms
[2021-11-27T21:13:17.543+0700][17.152s] GC(5)   Evacuate Collection Set: 13.4ms
[2021-11-27T21:13:17.543+0700][17.152s] GC(5)   Post Evacuate Collection Set: 0.9ms
[2021-11-27T21:13:17.543+0700][17.153s] GC(5)   Other: 0.4ms
[2021-11-27T21:13:17.544+0700][17.153s] GC(5) Eden regions: 36->0(252)
[2021-11-27T21:13:17.544+0700][17.153s] GC(5) Survivor regions: 7->7(17)
[2021-11-27T21:13:17.544+0700][17.153s] GC(5) Old regions: 10->10
[2021-11-27T21:13:17.544+0700][17.153s] GC(5) Archive regions: 0->0
[2021-11-27T21:13:17.544+0700][17.153s] GC(5) Humongous regions: 2->2
[2021-11-27T21:13:17.544+0700][17.153s] GC(5) Metaspace: 35808K(36096K)->35808K(36096K) NonClass: 31572K(31680K)->31572K(31680K) Class: 4236K(4416K)->4236K(4416K)
[2021-11-27T21:13:17.544+0700][17.153s] GC(5) Pause Young (Concurrent Start) (Metadata GC Threshold) 108M->36M(4096M) 15.629ms
[2021-11-27T21:13:17.544+0700][17.153s] GC(5) User=0.06s Sys=0.00s Real=0.02s
[2021-11-27T21:13:17.544+0700][17.153s] GC(6) Concurrent Mark Cycle
[2021-11-27T21:13:17.544+0700][17.153s] GC(6) Concurrent Clear Claimed Marks
[2021-11-27T21:13:17.544+0700][17.153s] GC(6) Concurrent Clear Claimed Marks 0.059ms
[2021-11-27T21:13:17.544+0700][17.153s] GC(6) Concurrent Scan Root Regions
[2021-11-27T21:13:17.557+0700][17.166s] GC(6) Concurrent Scan Root Regions 12.637ms
[2021-11-27T21:13:17.557+0700][17.166s] GC(6) Concurrent Mark
[2021-11-27T21:13:17.557+0700][17.166s] GC(6) Concurrent Mark From Roots
[2021-11-27T21:13:17.557+0700][17.166s] GC(6) Using 1 workers of 1 for marking
[2021-11-27T21:13:17.637+0700][17.246s] GC(6) Concurrent Mark From Roots 79.872ms
[2021-11-27T21:13:17.637+0700][17.246s] GC(6) Concurrent Preclean
[2021-11-27T21:13:17.637+0700][17.246s] GC(6) Concurrent Preclean 0.268ms
[2021-11-27T21:13:17.637+0700][17.246s] GC(6) Pause Remark
[2021-11-27T21:13:17.642+0700][17.251s] GC(6) Pause Remark 40M->40M(4096M) 4.836ms
[2021-11-27T21:13:17.642+0700][17.251s] GC(6) User=0.00s Sys=0.00s Real=0.00s
[2021-11-27T21:13:17.642+0700][17.251s] GC(6) Concurrent Mark 85.505ms
[2021-11-27T21:13:17.642+0700][17.251s] GC(6) Concurrent Rebuild Remembered Sets
[2021-11-27T21:13:17.675+0700][17.284s] GC(6) Concurrent Rebuild Remembered Sets 32.280ms
[2021-11-27T21:13:17.682+0700][17.291s] GC(6) Pause Cleanup
[2021-11-27T21:13:17.683+0700][17.292s] GC(6) Pause Cleanup 41M->41M(4096M) 1.359ms
[2021-11-27T21:13:17.683+0700][17.292s] GC(6) User=0.00s Sys=0.00s Real=0.00s
[2021-11-27T21:13:17.684+0700][17.293s] GC(6) Concurrent Cleanup for Next Mark
[2021-11-27T21:13:17.694+0700][17.303s] GC(6) Concurrent Cleanup for Next Mark 9.179ms
[2021-11-27T21:13:17.694+0700][17.303s] GC(6) Concurrent Mark Cycle 149.810ms
[2021-11-27T21:13:22.127+0700][21.735s] GC(7) Pause Young (Normal) (G1 Evacuation Pause)
[2021-11-27T21:13:22.127+0700][21.735s] GC(7) Using 4 workers of 4 for evacuation
[2021-11-27T21:13:22.167+0700][21.775s] GC(7)   Pre Evacuate Collection Set: 0.2ms
[2021-11-27T21:13:22.167+0700][21.776s] GC(7)   Merge Heap Roots: 0.1ms
[2021-11-27T21:13:22.167+0700][21.776s] GC(7)   Evacuate Collection Set: 38.5ms
[2021-11-27T21:13:22.167+0700][21.776s] GC(7)   Post Evacuate Collection Set: 1.2ms
[2021-11-27T21:13:22.167+0700][21.776s] GC(7)   Other: 0.4ms
[2021-11-27T21:13:22.167+0700][21.776s] GC(7) Eden regions: 321->0(296)
[2021-11-27T21:13:22.167+0700][21.776s] GC(7) Survivor regions: 7->16(41)
[2021-11-27T21:13:22.167+0700][21.776s] GC(7) Old regions: 10->10
[2021-11-27T21:13:22.167+0700][21.776s] GC(7) Archive regions: 0->0
[2021-11-27T21:13:22.167+0700][21.776s] GC(7) Humongous regions: 2->2
[2021-11-27T21:13:22.167+0700][21.776s] GC(7) Metaspace: 41667K(41984K)->41667K(41984K) NonClass: 36756K(36928K)->36756K(36928K) Class: 4910K(5056K)->4910K(5056K)
[2021-11-27T21:13:22.168+0700][21.776s] GC(7) Pause Young (Normal) (G1 Evacuation Pause) 678M->53M(4096M) 40.750ms
[2021-11-27T21:13:22.168+0700][21.776s] GC(7) User=0.14s Sys=0.00s Real=0.04s
[2021-11-27T21:13:45.837+0700][45.445s] Heap
[2021-11-27T21:13:45.837+0700][45.446s]  garbage-first heap   total 4194304K, used 319264K [0x0000000700000000, 0x0000000800000000)
[2021-11-27T21:13:45.837+0700][45.446s]   region size 2048K, 146 young (299008K), 16 survivors (32768K)
[2021-11-27T21:13:45.837+0700][45.446s]  Metaspace       used 42698K, committed 43136K, reserved 1089536K
[2021-11-27T21:13:45.837+0700][45.446s]   class space    used 5017K, committed 5184K, reserved 1048576K
