Java HotSpot(TM) 64-Bit Server VM (25.261-b12) for windows-amd64 JRE (1.8.0_261-b12), built on Jun 18 2020 06:56:32 by "" with unknown MS VC++:1916
Memory: 4k page, physical 8307372k(2675288k free), swap 15123116k(5761476k free)
CommandLine flags: -XX:+AlwaysPreTouch -XX:GCLogFileSize=20971520 -XX:InitialHeapSize=1073741824 -XX:MaxGCPauseMillis=250 -XX:MaxHeapSize=4294967296 -XX:NumberOfGCLogFiles=9 -XX:+ParallelRefProcEnabled -XX:+PerfDisableSharedMem -XX:+PrintGC -XX:+PrintGCApplicationStoppedTime -XX:+PrintGCDateStamps -XX:+PrintGCDetails -XX:+PrintGCTimeStamps -XX:+PrintHeapAtGC -XX:+PrintTenuringDistribution -XX:ThreadStackSize=256 -XX:+UseCompressedClassPointers -XX:+UseCompressedOops -XX:+UseG1GC -XX:+UseGCLogFileRotation -XX:-UseLargePages -XX:-UseLargePagesIndividualAllocation 
2021-07-10T18:00:56.852+0700: 1.118: Total time for which application threads were stopped: 0.0001612 seconds, Stopping threads took: 0.0000259 seconds
2021-07-10T18:00:57.099+0700: 1.366: Total time for which application threads were stopped: 0.0001992 seconds, Stopping threads took: 0.0000395 seconds
2021-07-10T18:00:58.102+0700: 2.368: Total time for which application threads were stopped: 0.0002641 seconds, Stopping threads took: 0.0001939 seconds
2021-07-10T18:00:58.106+0700: 2.372: Total time for which application threads were stopped: 0.0001327 seconds, Stopping threads took: 0.0000252 seconds
2021-07-10T18:00:58.255+0700: 2.521: Total time for which application threads were stopped: 0.0002624 seconds, Stopping threads took: 0.0000611 seconds
2021-07-10T18:00:58.644+0700: 2.910: Total time for which application threads were stopped: 0.0002073 seconds, Stopping threads took: 0.0000292 seconds
2021-07-10T18:00:58.922+0700: 3.189: Total time for which application threads were stopped: 0.0002352 seconds, Stopping threads took: 0.0000246 seconds
{Heap before GC invocations=0 (full 0):
 garbage-first heap   total 1048576K, used 54272K [0x00000006c0000000, 0x00000006c0102000, 0x00000007c0000000)
  region size 1024K, 51 young (52224K), 0 survivors (0K)
 Metaspace       used 16547K, capacity 16904K, committed 17024K, reserved 1064960K
  class space    used 2019K, capacity 2117K, committed 2176K, reserved 1048576K
2021-07-10T18:00:59.516+0700: 3.782: [GC pause (G1 Evacuation Pause) (young)
Desired survivor size 3670016 bytes, new threshold 15 (max 15)
, 0.0249984 secs]
   [Parallel Time: 21.7 ms, GC Workers: 4]
      [GC Worker Start (ms): Min: 3782.4, Avg: 3782.4, Max: 3782.4, Diff: 0.0]
      [Ext Root Scanning (ms): Min: 0.4, Avg: 1.1, Max: 2.0, Diff: 1.5, Sum: 4.4]
      [Update RS (ms): Min: 3.0, Avg: 3.3, Max: 4.1, Diff: 1.1, Sum: 13.3]
         [Processed Buffers: Min: 2, Avg: 2.3, Max: 3, Diff: 1, Sum: 9]
      [Scan RS (ms): Min: 0.0, Avg: 0.0, Max: 0.0, Diff: 0.0, Sum: 0.1]
      [Code Root Scanning (ms): Min: 0.0, Avg: 0.3, Max: 0.9, Diff: 0.9, Sum: 1.3]
      [Object Copy (ms): Min: 15.5, Avg: 16.8, Max: 17.6, Diff: 2.1, Sum: 67.3]
      [Termination (ms): Min: 0.0, Avg: 0.0, Max: 0.0, Diff: 0.0, Sum: 0.0]
         [Termination Attempts: Min: 1, Avg: 7.8, Max: 14, Diff: 13, Sum: 31]
      [GC Worker Other (ms): Min: 0.1, Avg: 0.1, Max: 0.1, Diff: 0.0, Sum: 0.4]
      [GC Worker Total (ms): Min: 21.7, Avg: 21.7, Max: 21.7, Diff: 0.0, Sum: 86.7]
      [GC Worker End (ms): Min: 3804.1, Avg: 3804.1, Max: 3804.1, Diff: 0.0]
   [Code Root Fixup: 0.0 ms]
   [Code Root Purge: 0.0 ms]
   [Clear CT: 0.1 ms]
   [Other: 3.1 ms]
      [Choose CSet: 0.0 ms]
      [Ref Proc: 2.5 ms]
      [Ref Enq: 0.1 ms]
      [Redirty Cards: 0.1 ms]
      [Humongous Register: 0.0 ms]
      [Humongous Reclaim: 0.0 ms]
      [Free CSet: 0.1 ms]
   [Eden: 51.0M(51.0M)->0.0B(44.0M) Survivors: 0.0B->7168.0K Heap: 53.0M(1024.0M)->17.1M(1024.0M)]
Heap after GC invocations=1 (full 0):
 garbage-first heap   total 1048576K, used 17520K [0x00000006c0000000, 0x00000006c0102000, 0x00000007c0000000)
  region size 1024K, 7 young (7168K), 7 survivors (7168K)
 Metaspace       used 16547K, capacity 16904K, committed 17024K, reserved 1064960K
  class space    used 2019K, capacity 2117K, committed 2176K, reserved 1048576K
}
 [Times: user=0.06 sys=0.00, real=0.02 secs] 
2021-07-10T18:00:59.541+0700: 3.808: Total time for which application threads were stopped: 0.0256575 seconds, Stopping threads took: 0.0000779 seconds
2021-07-10T18:00:59.591+0700: 3.857: Total time for which application threads were stopped: 0.0002554 seconds, Stopping threads took: 0.0000330 seconds
2021-07-10T18:00:59.600+0700: 3.867: Total time for which application threads were stopped: 0.0002222 seconds, Stopping threads took: 0.0000259 seconds
2021-07-10T18:00:59.731+0700: 3.998: Total time for which application threads were stopped: 0.0003192 seconds, Stopping threads took: 0.0000422 seconds
2021-07-10T18:01:00.675+0700: 4.942: Total time for which application threads were stopped: 0.0002274 seconds, Stopping threads took: 0.0000367 seconds
2021-07-10T18:01:00.688+0700: 4.955: Total time for which application threads were stopped: 0.0002828 seconds, Stopping threads took: 0.0000332 seconds
{Heap before GC invocations=1 (full 0):
 garbage-first heap   total 1048576K, used 62576K [0x00000006c0000000, 0x00000006c0102000, 0x00000007c0000000)
  region size 1024K, 51 young (52224K), 7 survivors (7168K)
 Metaspace       used 19091K, capacity 19452K, committed 19584K, reserved 1067008K
  class space    used 2307K, capacity 2429K, committed 2432K, reserved 1048576K
2021-07-10T18:01:00.788+0700: 5.055: [GC pause (G1 Evacuation Pause) (young)
Desired survivor size 3670016 bytes, new threshold 1 (max 15)
- age   1:    7297288 bytes,    7297288 total
, 0.0233474 secs]
   [Parallel Time: 20.4 ms, GC Workers: 4]
      [GC Worker Start (ms): Min: 5055.1, Avg: 5055.2, Max: 5055.2, Diff: 0.0]
      [Ext Root Scanning (ms): Min: 0.8, Avg: 1.4, Max: 2.1, Diff: 1.2, Sum: 5.8]
      [Update RS (ms): Min: 0.4, Avg: 0.8, Max: 1.3, Diff: 1.0, Sum: 3.3]
         [Processed Buffers: Min: 1, Avg: 2.8, Max: 8, Diff: 7, Sum: 11]
      [Scan RS (ms): Min: 2.8, Avg: 3.0, Max: 3.2, Diff: 0.4, Sum: 11.9]
      [Code Root Scanning (ms): Min: 0.0, Avg: 0.5, Max: 1.6, Diff: 1.6, Sum: 1.9]
      [Object Copy (ms): Min: 13.8, Avg: 14.7, Max: 15.3, Diff: 1.5, Sum: 58.7]
      [Termination (ms): Min: 0.0, Avg: 0.0, Max: 0.0, Diff: 0.0, Sum: 0.0]
         [Termination Attempts: Min: 1, Avg: 1.0, Max: 1, Diff: 0, Sum: 4]
      [GC Worker Other (ms): Min: 0.0, Avg: 0.0, Max: 0.0, Diff: 0.0, Sum: 0.1]
      [GC Worker Total (ms): Min: 20.4, Avg: 20.4, Max: 20.4, Diff: 0.0, Sum: 81.5]
      [GC Worker End (ms): Min: 5075.5, Avg: 5075.5, Max: 5075.6, Diff: 0.0]
   [Code Root Fixup: 0.1 ms]
   [Code Root Purge: 0.0 ms]
   [Clear CT: 0.1 ms]
   [Other: 2.7 ms]
      [Choose CSet: 0.0 ms]
      [Ref Proc: 2.2 ms]
      [Ref Enq: 0.1 ms]
      [Redirty Cards: 0.1 ms]
      [Humongous Register: 0.0 ms]
      [Humongous Reclaim: 0.0 ms]
      [Free CSet: 0.1 ms]
   [Eden: 44.0M(44.0M)->0.0B(44.0M) Survivors: 7168.0K->7168.0K Heap: 61.1M(1024.0M)->25.0M(1024.0M)]
Heap after GC invocations=2 (full 0):
 garbage-first heap   total 1048576K, used 25600K [0x00000006c0000000, 0x00000006c0102000, 0x00000007c0000000)
  region size 1024K, 7 young (7168K), 7 survivors (7168K)
 Metaspace       used 19091K, capacity 19452K, committed 19584K, reserved 1067008K
  class space    used 2307K, capacity 2429K, committed 2432K, reserved 1048576K
}
 [Times: user=0.09 sys=0.00, real=0.02 secs] 
2021-07-10T18:01:00.812+0700: 5.079: Total time for which application threads were stopped: 0.0237743 seconds, Stopping threads took: 0.0000558 seconds
{Heap before GC invocations=2 (full 0):
 garbage-first heap   total 1048576K, used 37888K [0x00000006c0000000, 0x00000006c0102000, 0x00000007c0000000)
  region size 1024K, 20 young (20480K), 7 survivors (7168K)
 Metaspace       used 20729K, capacity 21100K, committed 21296K, reserved 1069056K
  class space    used 2501K, capacity 2591K, committed 2608K, reserved 1048576K
2021-07-10T18:01:01.059+0700: 5.326: [GC pause (Metadata GC Threshold) (young) (initial-mark)
Desired survivor size 3670016 bytes, new threshold 15 (max 15)
- age   1:    1963592 bytes,    1963592 total
, 0.0069872 secs]
   [Parallel Time: 4.9 ms, GC Workers: 4]
      [GC Worker Start (ms): Min: 5326.0, Avg: 5326.0, Max: 5326.0, Diff: 0.0]
      [Ext Root Scanning (ms): Min: 0.9, Avg: 1.1, Max: 1.1, Diff: 0.2, Sum: 4.2]
      [Update RS (ms): Min: 1.2, Avg: 1.4, Max: 1.6, Diff: 0.5, Sum: 5.6]
         [Processed Buffers: Min: 1, Avg: 3.0, Max: 7, Diff: 6, Sum: 12]
      [Scan RS (ms): Min: 0.0, Avg: 0.2, Max: 0.3, Diff: 0.3, Sum: 0.7]
      [Code Root Scanning (ms): Min: 0.0, Avg: 0.1, Max: 0.2, Diff: 0.2, Sum: 0.3]
      [Object Copy (ms): Min: 2.0, Avg: 2.1, Max: 2.3, Diff: 0.2, Sum: 8.5]
      [Termination (ms): Min: 0.0, Avg: 0.0, Max: 0.0, Diff: 0.0, Sum: 0.0]
         [Termination Attempts: Min: 1, Avg: 1.5, Max: 2, Diff: 1, Sum: 6]
      [GC Worker Other (ms): Min: 0.0, Avg: 0.0, Max: 0.0, Diff: 0.0, Sum: 0.1]
      [GC Worker Total (ms): Min: 4.8, Avg: 4.9, Max: 4.9, Diff: 0.1, Sum: 19.4]
      [GC Worker End (ms): Min: 5330.8, Avg: 5330.8, Max: 5330.8, Diff: 0.0]
   [Code Root Fixup: 0.0 ms]
   [Code Root Purge: 0.0 ms]
   [Clear CT: 0.1 ms]
   [Other: 1.9 ms]
      [Choose CSet: 0.0 ms]
      [Ref Proc: 1.4 ms]
      [Ref Enq: 0.1 ms]
      [Redirty Cards: 0.1 ms]
      [Humongous Register: 0.0 ms]
      [Humongous Reclaim: 0.0 ms]
      [Free CSet: 0.0 ms]
   [Eden: 13.0M(44.0M)->0.0B(95.0M) Survivors: 7168.0K->5120.0K Heap: 38.0M(1024.0M)->23.0M(1024.0M)]
Heap after GC invocations=3 (full 0):
 garbage-first heap   total 1048576K, used 23552K [0x00000006c0000000, 0x00000006c0102000, 0x00000007c0000000)
  region size 1024K, 5 young (5120K), 5 survivors (5120K)
 Metaspace       used 20729K, capacity 21100K, committed 21296K, reserved 1069056K
  class space    used 2501K, capacity 2591K, committed 2608K, reserved 1048576K
}
 [Times: user=0.05 sys=0.00, real=0.01 secs] 
2021-07-10T18:01:01.067+0700: 5.333: [GC concurrent-root-region-scan-start]
2021-07-10T18:01:01.067+0700: 5.333: Total time for which application threads were stopped: 0.0076942 seconds, Stopping threads took: 0.0000502 seconds
2021-07-10T18:01:01.068+0700: 5.334: Total time for which application threads were stopped: 0.0001991 seconds, Stopping threads took: 0.0000654 seconds
2021-07-10T18:01:01.071+0700: 5.338: [GC concurrent-root-region-scan-end, 0.0045651 secs]
2021-07-10T18:01:01.071+0700: 5.338: [GC concurrent-mark-start]
2021-07-10T18:01:01.086+0700: 5.352: Total time for which application threads were stopped: 0.0002831 seconds, Stopping threads took: 0.0000434 seconds
2021-07-10T18:01:01.134+0700: 5.401: Total time for which application threads were stopped: 0.0003655 seconds, Stopping threads took: 0.0000467 seconds
2021-07-10T18:01:01.141+0700: 5.408: [GC concurrent-mark-end, 0.0701524 secs]
2021-07-10T18:01:01.142+0700: 5.408: [GC remark 2021-07-10T18:01:01.142+0700: 5.408: [Finalize Marking, 0.0002011 secs] 2021-07-10T18:01:01.142+0700: 5.409: [GC ref-proc, 0.0017256 secs] 2021-07-10T18:01:01.144+0700: 5.410: [Unloading, 0.0047719 secs], 0.0072631 secs]
 [Times: user=0.00 sys=0.00, real=0.01 secs] 
2021-07-10T18:01:01.149+0700: 5.416: Total time for which application threads were stopped: 0.0075064 seconds, Stopping threads took: 0.0001078 seconds
2021-07-10T18:01:01.149+0700: 5.416: [GC cleanup 28M->24M(1024M), 0.0013578 secs]
 [Times: user=0.00 sys=0.00, real=0.00 secs] 
2021-07-10T18:01:01.151+0700: 5.417: Total time for which application threads were stopped: 0.0016861 seconds, Stopping threads took: 0.0001647 seconds
2021-07-10T18:01:01.151+0700: 5.417: [GC concurrent-cleanup-start]
2021-07-10T18:01:01.151+0700: 5.417: [GC concurrent-cleanup-end, 0.0000233 secs]
2021-07-10T18:01:01.762+0700: 6.028: Total time for which application threads were stopped: 0.0004739 seconds, Stopping threads took: 0.0000857 seconds
2021-07-10T18:01:01.774+0700: 6.040: Total time for which application threads were stopped: 0.0004390 seconds, Stopping threads took: 0.0000784 seconds
2021-07-10T18:01:01.776+0700: 6.042: Total time for which application threads were stopped: 0.0004200 seconds, Stopping threads took: 0.0000410 seconds
2021-07-10T18:01:01.823+0700: 6.090: Total time for which application threads were stopped: 0.0001309 seconds, Stopping threads took: 0.0000377 seconds
2021-07-10T18:01:01.889+0700: 6.155: Total time for which application threads were stopped: 0.0003461 seconds, Stopping threads took: 0.0000334 seconds
2021-07-10T18:01:01.997+0700: 6.263: Total time for which application threads were stopped: 0.0001853 seconds, Stopping threads took: 0.0000383 seconds
2021-07-10T18:01:01.997+0700: 6.263: Total time for which application threads were stopped: 0.0001349 seconds, Stopping threads took: 0.0000279 seconds
2021-07-10T18:01:01.998+0700: 6.264: Total time for which application threads were stopped: 0.0001284 seconds, Stopping threads took: 0.0000308 seconds
2021-07-10T18:01:01.999+0700: 6.265: Total time for which application threads were stopped: 0.0000951 seconds, Stopping threads took: 0.0000231 seconds
2021-07-10T18:01:02.090+0700: 6.357: Total time for which application threads were stopped: 0.0001504 seconds, Stopping threads took: 0.0000289 seconds
2021-07-10T18:01:02.770+0700: 7.036: Total time for which application threads were stopped: 0.0004374 seconds, Stopping threads took: 0.0000427 seconds
2021-07-10T18:01:03.037+0700: 7.303: Total time for which application threads were stopped: 0.0002257 seconds, Stopping threads took: 0.0000465 seconds
2021-07-10T18:01:03.087+0700: 7.353: Total time for which application threads were stopped: 0.0001709 seconds, Stopping threads took: 0.0000454 seconds
2021-07-10T18:01:03.093+0700: 7.359: Total time for which application threads were stopped: 0.0001275 seconds, Stopping threads took: 0.0000398 seconds
2021-07-10T18:01:03.207+0700: 7.474: Total time for which application threads were stopped: 0.0001372 seconds, Stopping threads took: 0.0000333 seconds
2021-07-10T18:01:03.360+0700: 7.627: Total time for which application threads were stopped: 0.0004439 seconds, Stopping threads took: 0.0000414 seconds
2021-07-10T18:01:04.364+0700: 8.630: Total time for which application threads were stopped: 0.0002981 seconds, Stopping threads took: 0.0001354 seconds
{Heap before GC invocations=4 (full 0):
 garbage-first heap   total 1048576K, used 116736K [0x00000006c0000000, 0x00000006c0102000, 0x00000007c0000000)
  region size 1024K, 100 young (102400K), 5 survivors (5120K)
 Metaspace       used 28090K, capacity 28852K, committed 29104K, reserved 1075200K
  class space    used 3405K, capacity 3658K, committed 3760K, reserved 1048576K
2021-07-10T18:01:08.053+0700: 12.319: [GC pause (G1 Evacuation Pause) (young) (initial-mark)
Desired survivor size 6815744 bytes, new threshold 15 (max 15)
- age   1:     234632 bytes,     234632 total
- age   2:    1903672 bytes,    2138304 total
, 0.0148372 secs]
   [Parallel Time: 11.2 ms, GC Workers: 4]
      [GC Worker Start (ms): Min: 12319.6, Avg: 12319.8, Max: 12320.4, Diff: 0.9]
      [Ext Root Scanning (ms): Min: 1.5, Avg: 2.3, Max: 3.2, Diff: 1.6, Sum: 9.3]
      [Update RS (ms): Min: 0.0, Avg: 0.7, Max: 1.2, Diff: 1.2, Sum: 2.9]
         [Processed Buffers: Min: 0, Avg: 2.8, Max: 8, Diff: 8, Sum: 11]
      [Scan RS (ms): Min: 0.0, Avg: 0.0, Max: 0.1, Diff: 0.0, Sum: 0.1]
      [Code Root Scanning (ms): Min: 0.0, Avg: 0.3, Max: 0.5, Diff: 0.5, Sum: 1.1]
      [Object Copy (ms): Min: 7.0, Avg: 7.5, Max: 8.0, Diff: 1.0, Sum: 30.2]
      [Termination (ms): Min: 0.0, Avg: 0.0, Max: 0.0, Diff: 0.0, Sum: 0.0]
         [Termination Attempts: Min: 1, Avg: 4.3, Max: 9, Diff: 8, Sum: 17]
      [GC Worker Other (ms): Min: 0.0, Avg: 0.0, Max: 0.0, Diff: 0.0, Sum: 0.1]
      [GC Worker Total (ms): Min: 10.3, Avg: 10.9, Max: 11.1, Diff: 0.9, Sum: 43.7]
      [GC Worker End (ms): Min: 12330.7, Avg: 12330.7, Max: 12330.7, Diff: 0.0]
   [Code Root Fixup: 0.0 ms]
   [Code Root Purge: 0.0 ms]
   [Clear CT: 0.1 ms]
   [Other: 3.4 ms]
      [Choose CSet: 0.0 ms]
      [Ref Proc: 2.7 ms]
      [Ref Enq: 0.1 ms]
      [Redirty Cards: 0.2 ms]
      [Humongous Register: 0.0 ms]
      [Humongous Reclaim: 0.0 ms]
      [Free CSet: 0.1 ms]
   [Eden: 95.0M(95.0M)->0.0B(368.0M) Survivors: 5120.0K->11.0M Heap: 114.0M(1024.0M)->25.5M(1024.0M)]
Heap after GC invocations=5 (full 0):
 garbage-first heap   total 1048576K, used 26112K [0x00000006c0000000, 0x00000006c0102000, 0x00000007c0000000)
  region size 1024K, 11 young (11264K), 11 survivors (11264K)
 Metaspace       used 28090K, capacity 28852K, committed 29104K, reserved 1075200K
  class space    used 3405K, capacity 3658K, committed 3760K, reserved 1048576K
}
 [Times: user=0.06 sys=0.00, real=0.02 secs] 
2021-07-10T18:01:08.068+0700: 12.334: [GC concurrent-root-region-scan-start]
2021-07-10T18:01:08.068+0700: 12.334: Total time for which application threads were stopped: 0.0152165 seconds, Stopping threads took: 0.0000444 seconds
2021-07-10T18:01:08.071+0700: 12.338: Total time for which application threads were stopped: 0.0004898 seconds, Stopping threads took: 0.0003103 seconds
2021-07-10T18:01:08.073+0700: 12.339: Total time for which application threads were stopped: 0.0001617 seconds, Stopping threads took: 0.0000468 seconds
2021-07-10T18:01:08.073+0700: 12.340: Total time for which application threads were stopped: 0.0002016 seconds, Stopping threads took: 0.0001044 seconds
2021-07-10T18:01:08.074+0700: 12.340: Total time for which application threads were stopped: 0.0001403 seconds, Stopping threads took: 0.0000648 seconds
2021-07-10T18:01:08.074+0700: 12.341: Total time for which application threads were stopped: 0.0001308 seconds, Stopping threads took: 0.0000618 seconds
2021-07-10T18:01:08.074+0700: 12.341: Total time for which application threads were stopped: 0.0001369 seconds, Stopping threads took: 0.0000547 seconds
2021-07-10T18:01:08.074+0700: 12.341: Total time for which application threads were stopped: 0.0001448 seconds, Stopping threads took: 0.0000755 seconds
2021-07-10T18:01:08.075+0700: 12.341: Total time for which application threads were stopped: 0.0001794 seconds, Stopping threads took: 0.0000651 seconds
2021-07-10T18:01:08.075+0700: 12.342: Total time for which application threads were stopped: 0.0001778 seconds, Stopping threads took: 0.0000866 seconds
2021-07-10T18:01:08.075+0700: 12.342: Total time for which application threads were stopped: 0.0001376 seconds, Stopping threads took: 0.0000645 seconds
2021-07-10T18:01:08.076+0700: 12.342: Total time for which application threads were stopped: 0.0002019 seconds, Stopping threads took: 0.0001035 seconds
2021-07-10T18:01:08.081+0700: 12.348: [GC concurrent-root-region-scan-end, 0.0132205 secs]
2021-07-10T18:01:08.081+0700: 12.348: [GC concurrent-mark-start]
2021-07-10T18:01:08.112+0700: 12.379: Total time for which application threads were stopped: 0.0004219 seconds, Stopping threads took: 0.0000310 seconds
2021-07-10T18:01:08.130+0700: 12.396: [GC concurrent-mark-end, 0.0487562 secs]
2021-07-10T18:01:08.130+0700: 12.397: [GC remark 2021-07-10T18:01:08.130+0700: 12.397: [Finalize Marking, 0.0001743 secs] 2021-07-10T18:01:08.130+0700: 12.397: [GC ref-proc, 0.0018549 secs] 2021-07-10T18:01:08.132+0700: 12.399: [Unloading, 0.0048551 secs], 0.0072854 secs]
 [Times: user=0.00 sys=0.00, real=0.01 secs] 
2021-07-10T18:01:08.137+0700: 12.404: Total time for which application threads were stopped: 0.0074506 seconds, Stopping threads took: 0.0000488 seconds
2021-07-10T18:01:08.138+0700: 12.404: [GC cleanup 31M->31M(1024M), 0.0011362 secs]
 [Times: user=0.00 sys=0.00, real=0.00 secs] 
2021-07-10T18:01:08.139+0700: 12.405: Total time for which application threads were stopped: 0.0013523 seconds, Stopping threads took: 0.0000778 seconds
2021-07-10T18:01:08.304+0700: 12.570: Total time for which application threads were stopped: 0.0002230 seconds, Stopping threads took: 0.0000741 seconds
2021-07-10T18:01:08.305+0700: 12.572: Total time for which application threads were stopped: 0.0001987 seconds, Stopping threads took: 0.0001018 seconds
2021-07-10T18:01:08.306+0700: 12.572: Total time for which application threads were stopped: 0.0001655 seconds, Stopping threads took: 0.0000443 seconds
2021-07-10T18:01:08.306+0700: 12.573: Total time for which application threads were stopped: 0.0001432 seconds, Stopping threads took: 0.0000337 seconds
2021-07-10T18:01:08.573+0700: 12.839: Total time for which application threads were stopped: 0.0003802 seconds, Stopping threads took: 0.0002675 seconds
2021-07-10T18:01:08.573+0700: 12.840: Total time for which application threads were stopped: 0.0001463 seconds, Stopping threads took: 0.0000899 seconds
2021-07-10T18:01:08.574+0700: 12.840: Total time for which application threads were stopped: 0.0001947 seconds, Stopping threads took: 0.0000613 seconds
2021-07-10T18:01:08.574+0700: 12.840: Total time for which application threads were stopped: 0.0001357 seconds, Stopping threads took: 0.0000525 seconds
2021-07-10T18:01:08.574+0700: 12.840: Total time for which application threads were stopped: 0.0001377 seconds, Stopping threads took: 0.0000578 seconds
2021-07-10T18:01:08.575+0700: 12.841: Total time for which application threads were stopped: 0.0002029 seconds, Stopping threads took: 0.0000688 seconds
2021-07-10T18:01:08.576+0700: 12.842: Total time for which application threads were stopped: 0.0004689 seconds, Stopping threads took: 0.0002449 seconds
2021-07-10T18:01:08.578+0700: 12.845: Total time for which application threads were stopped: 0.0004413 seconds, Stopping threads took: 0.0002883 seconds
2021-07-10T18:01:08.579+0700: 12.845: Total time for which application threads were stopped: 0.0003535 seconds, Stopping threads took: 0.0002048 seconds
2021-07-10T18:01:08.579+0700: 12.846: Total time for which application threads were stopped: 0.0002006 seconds, Stopping threads took: 0.0000694 seconds
2021-07-10T18:01:08.584+0700: 12.850: Total time for which application threads were stopped: 0.0002564 seconds, Stopping threads took: 0.0000448 seconds
2021-07-10T18:01:08.586+0700: 12.852: Total time for which application threads were stopped: 0.0003215 seconds, Stopping threads took: 0.0001079 seconds
2021-07-10T18:01:08.586+0700: 12.853: Total time for which application threads were stopped: 0.0002820 seconds, Stopping threads took: 0.0000869 seconds
2021-07-10T18:01:08.587+0700: 12.853: Total time for which application threads were stopped: 0.0001899 seconds, Stopping threads took: 0.0000688 seconds
2021-07-10T18:01:08.589+0700: 12.855: Total time for which application threads were stopped: 0.0001971 seconds, Stopping threads took: 0.0000741 seconds
2021-07-10T18:01:08.595+0700: 12.861: Total time for which application threads were stopped: 0.0002920 seconds, Stopping threads took: 0.0000768 seconds
2021-07-10T18:01:08.596+0700: 12.862: Total time for which application threads were stopped: 0.0002941 seconds, Stopping threads took: 0.0000627 seconds
2021-07-10T18:01:08.600+0700: 12.867: Total time for which application threads were stopped: 0.0005097 seconds, Stopping threads took: 0.0003829 seconds
2021-07-10T18:01:08.613+0700: 12.880: Total time for which application threads were stopped: 0.0002001 seconds, Stopping threads took: 0.0000582 seconds
2021-07-10T18:01:08.615+0700: 12.882: Total time for which application threads were stopped: 0.0001709 seconds, Stopping threads took: 0.0000566 seconds
2021-07-10T18:01:08.617+0700: 12.884: Total time for which application threads were stopped: 0.0002276 seconds, Stopping threads took: 0.0000902 seconds
2021-07-10T18:01:08.618+0700: 12.884: Total time for which application threads were stopped: 0.0001912 seconds, Stopping threads took: 0.0000649 seconds
2021-07-10T18:01:08.620+0700: 12.886: Total time for which application threads were stopped: 0.0002772 seconds, Stopping threads took: 0.0001222 seconds
2021-07-10T18:01:08.665+0700: 12.931: Total time for which application threads were stopped: 0.0004064 seconds, Stopping threads took: 0.0002179 seconds
2021-07-10T18:01:08.690+0700: 12.956: Total time for which application threads were stopped: 0.0001831 seconds, Stopping threads took: 0.0000421 seconds
2021-07-10T18:01:08.694+0700: 12.961: Total time for which application threads were stopped: 0.0002770 seconds, Stopping threads took: 0.0001285 seconds
2021-07-10T18:01:08.696+0700: 12.962: Total time for which application threads were stopped: 0.0002950 seconds, Stopping threads took: 0.0001366 seconds
2021-07-10T18:01:08.775+0700: 13.041: Total time for which application threads were stopped: 0.0003358 seconds, Stopping threads took: 0.0000880 seconds
2021-07-10T18:01:08.779+0700: 13.045: Total time for which application threads were stopped: 0.0004460 seconds, Stopping threads took: 0.0000697 seconds
2021-07-10T18:01:08.786+0700: 13.052: Total time for which application threads were stopped: 0.0002718 seconds, Stopping threads took: 0.0001037 seconds
2021-07-10T18:01:08.793+0700: 13.060: Total time for which application threads were stopped: 0.0002469 seconds, Stopping threads took: 0.0000950 seconds
2021-07-10T18:01:08.801+0700: 13.067: Total time for which application threads were stopped: 0.0002844 seconds, Stopping threads took: 0.0001074 seconds
2021-07-10T18:01:08.867+0700: 13.134: Total time for which application threads were stopped: 0.0002326 seconds, Stopping threads took: 0.0000532 seconds
2021-07-10T18:01:08.917+0700: 13.183: Total time for which application threads were stopped: 0.0001914 seconds, Stopping threads took: 0.0000965 seconds
2021-07-10T18:01:08.918+0700: 13.184: Total time for which application threads were stopped: 0.0002239 seconds, Stopping threads took: 0.0000994 seconds
2021-07-10T18:01:08.918+0700: 13.184: Total time for which application threads were stopped: 0.0002101 seconds, Stopping threads took: 0.0000781 seconds
2021-07-10T18:01:08.919+0700: 13.185: Total time for which application threads were stopped: 0.0002298 seconds, Stopping threads took: 0.0000940 seconds
2021-07-10T18:01:08.920+0700: 13.186: Total time for which application threads were stopped: 0.0001944 seconds, Stopping threads took: 0.0000576 seconds
2021-07-10T18:01:08.920+0700: 13.186: Total time for which application threads were stopped: 0.0001789 seconds, Stopping threads took: 0.0000724 seconds
2021-07-10T18:01:08.920+0700: 13.186: Total time for which application threads were stopped: 0.0001588 seconds, Stopping threads took: 0.0000616 seconds
2021-07-10T18:01:08.920+0700: 13.187: Total time for which application threads were stopped: 0.0001527 seconds, Stopping threads took: 0.0000597 seconds
2021-07-10T18:01:08.921+0700: 13.187: Total time for which application threads were stopped: 0.0001557 seconds, Stopping threads took: 0.0000499 seconds
2021-07-10T18:01:08.921+0700: 13.187: Total time for which application threads were stopped: 0.0001531 seconds, Stopping threads took: 0.0000636 seconds
2021-07-10T18:01:08.921+0700: 13.187: Total time for which application threads were stopped: 0.0001728 seconds, Stopping threads took: 0.0000730 seconds
2021-07-10T18:01:08.921+0700: 13.188: Total time for which application threads were stopped: 0.0001498 seconds, Stopping threads took: 0.0000552 seconds
2021-07-10T18:01:08.922+0700: 13.188: Total time for which application threads were stopped: 0.0001509 seconds, Stopping threads took: 0.0000523 seconds
2021-07-10T18:01:08.922+0700: 13.188: Total time for which application threads were stopped: 0.0001751 seconds, Stopping threads took: 0.0000787 seconds
2021-07-10T18:01:08.922+0700: 13.188: Total time for which application threads were stopped: 0.0001594 seconds, Stopping threads took: 0.0000667 seconds
2021-07-10T18:01:08.922+0700: 13.189: Total time for which application threads were stopped: 0.0001069 seconds, Stopping threads took: 0.0000264 seconds
2021-07-10T18:01:08.923+0700: 13.189: Total time for which application threads were stopped: 0.0004341 seconds, Stopping threads took: 0.0000720 seconds
2021-07-10T18:01:08.923+0700: 13.189: Total time for which application threads were stopped: 0.0001731 seconds, Stopping threads took: 0.0000873 seconds
2021-07-10T18:01:08.923+0700: 13.190: Total time for which application threads were stopped: 0.0001351 seconds, Stopping threads took: 0.0000309 seconds
2021-07-10T18:01:08.924+0700: 13.190: Total time for which application threads were stopped: 0.0002002 seconds, Stopping threads took: 0.0000804 seconds
2021-07-10T18:01:08.924+0700: 13.190: Total time for which application threads were stopped: 0.0002247 seconds, Stopping threads took: 0.0001002 seconds
2021-07-10T18:01:08.925+0700: 13.191: Total time for which application threads were stopped: 0.0001834 seconds, Stopping threads took: 0.0000656 seconds
2021-07-10T18:01:08.925+0700: 13.191: Total time for which application threads were stopped: 0.0001627 seconds, Stopping threads took: 0.0000664 seconds
2021-07-10T18:01:08.925+0700: 13.191: Total time for which application threads were stopped: 0.0001917 seconds, Stopping threads took: 0.0000819 seconds
2021-07-10T18:01:08.926+0700: 13.192: Total time for which application threads were stopped: 0.0001862 seconds, Stopping threads took: 0.0000583 seconds
2021-07-10T18:01:08.926+0700: 13.192: Total time for which application threads were stopped: 0.0001666 seconds, Stopping threads took: 0.0000731 seconds
2021-07-10T18:01:08.926+0700: 13.192: Total time for which application threads were stopped: 0.0001524 seconds, Stopping threads took: 0.0000566 seconds
2021-07-10T18:01:08.926+0700: 13.193: Total time for which application threads were stopped: 0.0001158 seconds, Stopping threads took: 0.0000328 seconds
2021-07-10T18:01:08.927+0700: 13.193: Total time for which application threads were stopped: 0.0002218 seconds, Stopping threads took: 0.0001133 seconds
2021-07-10T18:01:08.927+0700: 13.193: Total time for which application threads were stopped: 0.0001372 seconds, Stopping threads took: 0.0000598 seconds
2021-07-10T18:01:08.927+0700: 13.193: Total time for which application threads were stopped: 0.0001396 seconds, Stopping threads took: 0.0000362 seconds
2021-07-10T18:01:08.975+0700: 13.241: Total time for which application threads were stopped: 0.0002434 seconds, Stopping threads took: 0.0000529 seconds
2021-07-10T18:01:09.145+0700: 13.411: Total time for which application threads were stopped: 0.0002132 seconds, Stopping threads took: 0.0000713 seconds
2021-07-10T18:01:09.145+0700: 13.411: Total time for which application threads were stopped: 0.0001369 seconds, Stopping threads took: 0.0000624 seconds
2021-07-10T18:01:09.146+0700: 13.412: Total time for which application threads were stopped: 0.0001103 seconds, Stopping threads took: 0.0000275 seconds
2021-07-10T18:01:09.146+0700: 13.413: Total time for which application threads were stopped: 0.0001530 seconds, Stopping threads took: 0.0000639 seconds
2021-07-10T18:01:09.147+0700: 13.413: Total time for which application threads were stopped: 0.0001449 seconds, Stopping threads took: 0.0000524 seconds
2021-07-10T18:01:09.154+0700: 13.420: Total time for which application threads were stopped: 0.0001178 seconds, Stopping threads took: 0.0000354 seconds
2021-07-10T18:01:09.155+0700: 13.421: Total time for which application threads were stopped: 0.0003598 seconds, Stopping threads took: 0.0000334 seconds
2021-07-10T18:01:09.158+0700: 13.425: Total time for which application threads were stopped: 0.0001075 seconds, Stopping threads took: 0.0000338 seconds
2021-07-10T18:01:09.163+0700: 13.430: Total time for which application threads were stopped: 0.0001861 seconds, Stopping threads took: 0.0000463 seconds
2021-07-10T18:01:09.164+0700: 13.430: Total time for which application threads were stopped: 0.0001865 seconds, Stopping threads took: 0.0000749 seconds
2021-07-10T18:01:09.164+0700: 13.430: Total time for which application threads were stopped: 0.0001538 seconds, Stopping threads took: 0.0000796 seconds
2021-07-10T18:01:09.165+0700: 13.431: Total time for which application threads were stopped: 0.0001142 seconds, Stopping threads took: 0.0000348 seconds
2021-07-10T18:01:09.165+0700: 13.431: Total time for which application threads were stopped: 0.0001280 seconds, Stopping threads took: 0.0000611 seconds
2021-07-10T18:01:09.165+0700: 13.431: Total time for which application threads were stopped: 0.0001836 seconds, Stopping threads took: 0.0000701 seconds
2021-07-10T18:01:09.166+0700: 13.432: Total time for which application threads were stopped: 0.0002073 seconds, Stopping threads took: 0.0000889 seconds
2021-07-10T18:01:09.167+0700: 13.433: Total time for which application threads were stopped: 0.0001762 seconds, Stopping threads took: 0.0000566 seconds
2021-07-10T18:01:09.169+0700: 13.435: Total time for which application threads were stopped: 0.0001290 seconds, Stopping threads took: 0.0000363 seconds
2021-07-10T18:01:09.254+0700: 13.520: Total time for which application threads were stopped: 0.0001832 seconds, Stopping threads took: 0.0000807 seconds
2021-07-10T18:01:09.255+0700: 13.521: Total time for which application threads were stopped: 0.0001637 seconds, Stopping threads took: 0.0000633 seconds
2021-07-10T18:01:09.255+0700: 13.521: Total time for which application threads were stopped: 0.0004036 seconds, Stopping threads took: 0.0000584 seconds
2021-07-10T18:01:09.256+0700: 13.522: Total time for which application threads were stopped: 0.0004675 seconds, Stopping threads took: 0.0000796 seconds
2021-07-10T18:01:09.265+0700: 13.531: Total time for which application threads were stopped: 0.0001655 seconds, Stopping threads took: 0.0000833 seconds
2021-07-10T18:01:09.268+0700: 13.534: Total time for which application threads were stopped: 0.0002026 seconds, Stopping threads took: 0.0000642 seconds
2021-07-10T18:01:09.268+0700: 13.535: Total time for which application threads were stopped: 0.0002062 seconds, Stopping threads took: 0.0000877 seconds
2021-07-10T18:01:09.343+0700: 13.609: Total time for which application threads were stopped: 0.0002261 seconds, Stopping threads took: 0.0000819 seconds
2021-07-10T18:01:09.355+0700: 13.621: Total time for which application threads were stopped: 0.0002683 seconds, Stopping threads took: 0.0000812 seconds
2021-07-10T18:01:09.355+0700: 13.621: Total time for which application threads were stopped: 0.0001967 seconds, Stopping threads took: 0.0000546 seconds
2021-07-10T18:01:09.358+0700: 13.624: Total time for which application threads were stopped: 0.0001894 seconds, Stopping threads took: 0.0000458 seconds
2021-07-10T18:01:09.363+0700: 13.629: Total time for which application threads were stopped: 0.0002298 seconds, Stopping threads took: 0.0000815 seconds
2021-07-10T18:01:09.364+0700: 13.630: Total time for which application threads were stopped: 0.0001976 seconds, Stopping threads took: 0.0000762 seconds
2021-07-10T18:01:09.638+0700: 13.904: Total time for which application threads were stopped: 0.0006151 seconds, Stopping threads took: 0.0000477 seconds
2021-07-10T18:01:09.724+0700: 13.991: Total time for which application threads were stopped: 0.0009010 seconds, Stopping threads took: 0.0006819 seconds
2021-07-10T18:01:09.736+0700: 14.003: Total time for which application threads were stopped: 0.0007178 seconds, Stopping threads took: 0.0001146 seconds
2021-07-10T18:01:09.950+0700: 14.216: Total time for which application threads were stopped: 0.0006352 seconds, Stopping threads took: 0.0004497 seconds
2021-07-10T18:01:09.992+0700: 14.259: Total time for which application threads were stopped: 0.0002896 seconds, Stopping threads took: 0.0000864 seconds
2021-07-10T18:01:10.049+0700: 14.316: Total time for which application threads were stopped: 0.0001793 seconds, Stopping threads took: 0.0000522 seconds
2021-07-10T18:01:10.133+0700: 14.400: Total time for which application threads were stopped: 0.0010003 seconds, Stopping threads took: 0.0008228 seconds
2021-07-10T18:01:10.142+0700: 14.408: Total time for which application threads were stopped: 0.0003853 seconds, Stopping threads took: 0.0000724 seconds
2021-07-10T18:01:10.185+0700: 14.452: Total time for which application threads were stopped: 0.0012006 seconds, Stopping threads took: 0.0010646 seconds
2021-07-10T18:01:10.192+0700: 14.458: Total time for which application threads were stopped: 0.0002515 seconds, Stopping threads took: 0.0000987 seconds
2021-07-10T18:01:10.199+0700: 14.465: Total time for which application threads were stopped: 0.0002704 seconds, Stopping threads took: 0.0001247 seconds
2021-07-10T18:01:10.216+0700: 14.483: Total time for which application threads were stopped: 0.0003989 seconds, Stopping threads took: 0.0002832 seconds
2021-07-10T18:01:10.219+0700: 14.486: Total time for which application threads were stopped: 0.0001929 seconds, Stopping threads took: 0.0000776 seconds
2021-07-10T18:01:10.222+0700: 14.489: Total time for which application threads were stopped: 0.0004570 seconds, Stopping threads took: 0.0002724 seconds
2021-07-10T18:01:10.228+0700: 14.494: Total time for which application threads were stopped: 0.0002906 seconds, Stopping threads took: 0.0001015 seconds
2021-07-10T18:01:10.235+0700: 14.502: Total time for which application threads were stopped: 0.0002020 seconds, Stopping threads took: 0.0000774 seconds
2021-07-10T18:01:10.236+0700: 14.502: Total time for which application threads were stopped: 0.0001530 seconds, Stopping threads took: 0.0000626 seconds
2021-07-10T18:01:10.236+0700: 14.502: Total time for which application threads were stopped: 0.0001284 seconds, Stopping threads took: 0.0000671 seconds
2021-07-10T18:01:10.236+0700: 14.503: Total time for which application threads were stopped: 0.0001835 seconds, Stopping threads took: 0.0001290 seconds
2021-07-10T18:01:10.236+0700: 14.503: Total time for which application threads were stopped: 0.0001412 seconds, Stopping threads took: 0.0000813 seconds
2021-07-10T18:01:10.237+0700: 14.504: Total time for which application threads were stopped: 0.0001555 seconds, Stopping threads took: 0.0000656 seconds
2021-07-10T18:01:10.237+0700: 14.504: Total time for which application threads were stopped: 0.0001503 seconds, Stopping threads took: 0.0000633 seconds
2021-07-10T18:01:10.238+0700: 14.504: Total time for which application threads were stopped: 0.0001509 seconds, Stopping threads took: 0.0000941 seconds
2021-07-10T18:01:10.295+0700: 14.561: Total time for which application threads were stopped: 0.0002432 seconds, Stopping threads took: 0.0001056 seconds
2021-07-10T18:01:10.331+0700: 14.597: Total time for which application threads were stopped: 0.0001988 seconds, Stopping threads took: 0.0000700 seconds
2021-07-10T18:01:10.353+0700: 14.619: Total time for which application threads were stopped: 0.0010780 seconds, Stopping threads took: 0.0009374 seconds
2021-07-10T18:01:10.355+0700: 14.622: Total time for which application threads were stopped: 0.0005707 seconds, Stopping threads took: 0.0000784 seconds
{Heap before GC invocations=6 (full 0):
 garbage-first heap   total 1048576K, used 402944K [0x00000006c0000000, 0x00000006c0102000, 0x00000007c0000000)
  region size 1024K, 379 young (388096K), 11 survivors (11264K)
 Metaspace       used 34122K, capacity 35174K, committed 35376K, reserved 1081344K
  class space    used 4158K, capacity 4399K, committed 4400K, reserved 1048576K
2021-07-10T18:01:10.508+0700: 14.774: [GC pause (G1 Evacuation Pause) (young)
Desired survivor size 25165824 bytes, new threshold 15 (max 15)
- age   1:    3523872 bytes,    3523872 total
- age   2:     177144 bytes,    3701016 total
- age   3:    1897896 bytes,    5598912 total
, 0.0223570 secs]
   [Parallel Time: 18.6 ms, GC Workers: 4]
      [GC Worker Start (ms): Min: 14774.4, Avg: 14774.4, Max: 14774.5, Diff: 0.0]
      [Ext Root Scanning (ms): Min: 2.4, Avg: 2.6, Max: 3.0, Diff: 0.6, Sum: 10.2]
      [Update RS (ms): Min: 0.0, Avg: 0.7, Max: 1.0, Diff: 1.0, Sum: 2.7]
         [Processed Buffers: Min: 0, Avg: 3.5, Max: 8, Diff: 8, Sum: 14]
      [Scan RS (ms): Min: 0.0, Avg: 0.1, Max: 0.1, Diff: 0.1, Sum: 0.3]
      [Code Root Scanning (ms): Min: 0.1, Avg: 0.5, Max: 0.7, Diff: 0.6, Sum: 2.1]
      [Object Copy (ms): Min: 13.9, Avg: 14.6, Max: 15.3, Diff: 1.4, Sum: 58.5]
      [Termination (ms): Min: 0.0, Avg: 0.0, Max: 0.0, Diff: 0.0, Sum: 0.1]
         [Termination Attempts: Min: 1, Avg: 5.5, Max: 11, Diff: 10, Sum: 22]
      [GC Worker Other (ms): Min: 0.0, Avg: 0.0, Max: 0.0, Diff: 0.0, Sum: 0.1]
      [GC Worker Total (ms): Min: 18.5, Avg: 18.5, Max: 18.5, Diff: 0.0, Sum: 74.0]
      [GC Worker End (ms): Min: 14792.9, Avg: 14792.9, Max: 14792.9, Diff: 0.0]
   [Code Root Fixup: 0.1 ms]
   [Code Root Purge: 0.0 ms]
   [Clear CT: 0.1 ms]
   [Other: 3.6 ms]
      [Choose CSet: 0.0 ms]
      [Ref Proc: 2.8 ms]
      [Ref Enq: 0.1 ms]
      [Redirty Cards: 0.1 ms]
      [Humongous Register: 0.0 ms]
      [Humongous Reclaim: 0.0 ms]
      [Free CSet: 0.3 ms]
   [Eden: 368.0M(368.0M)->0.0B(594.0M) Survivors: 11.0M->20.0M Heap: 393.5M(1024.0M)->34.5M(1024.0M)]
Heap after GC invocations=7 (full 0):
 garbage-first heap   total 1048576K, used 35328K [0x00000006c0000000, 0x00000006c0102000, 0x00000007c0000000)
  region size 1024K, 20 young (20480K), 20 survivors (20480K)
 Metaspace       used 34122K, capacity 35174K, committed 35376K, reserved 1081344K
  class space    used 4158K, capacity 4399K, committed 4400K, reserved 1048576K
}
 [Times: user=0.06 sys=0.00, real=0.02 secs] 
2021-07-10T18:01:10.530+0700: 14.797: Total time for which application threads were stopped: 0.0232060 seconds, Stopping threads took: 0.0004892 seconds
2021-07-10T18:01:10.531+0700: 14.797: Total time for which application threads were stopped: 0.0002647 seconds, Stopping threads took: 0.0000990 seconds
2021-07-10T18:01:10.535+0700: 14.801: Total time for which application threads were stopped: 0.0002130 seconds, Stopping threads took: 0.0000598 seconds
2021-07-10T18:01:10.535+0700: 14.802: Total time for which application threads were stopped: 0.0001691 seconds, Stopping threads took: 0.0000580 seconds
2021-07-10T18:01:10.536+0700: 14.802: Total time for which application threads were stopped: 0.0001417 seconds, Stopping threads took: 0.0000322 seconds
2021-07-10T18:01:10.536+0700: 14.802: Total time for which application threads were stopped: 0.0001919 seconds, Stopping threads took: 0.0000722 seconds
2021-07-10T18:01:10.556+0700: 14.822: Total time for which application threads were stopped: 0.0011965 seconds, Stopping threads took: 0.0010739 seconds
2021-07-10T18:01:10.815+0700: 15.081: Total time for which application threads were stopped: 0.0009236 seconds, Stopping threads took: 0.0007707 seconds
2021-07-10T18:01:10.872+0700: 15.138: Total time for which application threads were stopped: 0.0002301 seconds, Stopping threads took: 0.0000643 seconds
2021-07-10T18:01:10.902+0700: 15.168: Total time for which application threads were stopped: 0.0002451 seconds, Stopping threads took: 0.0000797 seconds
2021-07-10T18:01:11.057+0700: 15.323: Total time for which application threads were stopped: 0.0002647 seconds, Stopping threads took: 0.0001101 seconds
2021-07-10T18:01:11.069+0700: 15.335: Total time for which application threads were stopped: 0.0014943 seconds, Stopping threads took: 0.0013124 seconds
2021-07-10T18:01:11.070+0700: 15.336: Total time for which application threads were stopped: 0.0005050 seconds, Stopping threads took: 0.0003578 seconds
2021-07-10T18:01:11.125+0700: 15.391: Total time for which application threads were stopped: 0.0004666 seconds, Stopping threads took: 0.0000755 seconds
2021-07-10T18:01:11.202+0700: 15.468: Total time for which application threads were stopped: 0.0002947 seconds, Stopping threads took: 0.0001609 seconds
2021-07-10T18:01:11.222+0700: 15.489: Total time for which application threads were stopped: 0.0001752 seconds, Stopping threads took: 0.0000747 seconds
2021-07-10T18:01:11.367+0700: 15.634: Total time for which application threads were stopped: 0.0008201 seconds, Stopping threads took: 0.0000765 seconds
2021-07-10T18:01:11.969+0700: 16.235: Total time for which application threads were stopped: 0.0015406 seconds, Stopping threads took: 0.0013193 seconds
2021-07-10T18:01:11.969+0700: 16.236: Total time for which application threads were stopped: 0.0001162 seconds, Stopping threads took: 0.0000466 seconds
2021-07-10T18:01:11.969+0700: 16.236: Total time for which application threads were stopped: 0.0001256 seconds, Stopping threads took: 0.0000482 seconds
2021-07-10T18:01:11.971+0700: 16.238: Total time for which application threads were stopped: 0.0001915 seconds, Stopping threads took: 0.0000947 seconds
2021-07-10T18:01:11.971+0700: 16.238: Total time for which application threads were stopped: 0.0001318 seconds, Stopping threads took: 0.0000560 seconds
2021-07-10T18:01:11.971+0700: 16.238: Total time for which application threads were stopped: 0.0001332 seconds, Stopping threads took: 0.0000651 seconds
2021-07-10T18:01:11.998+0700: 16.264: Total time for which application threads were stopped: 0.0008188 seconds, Stopping threads took: 0.0000581 seconds
2021-07-10T18:01:12.048+0700: 16.314: Total time for which application threads were stopped: 0.0001958 seconds, Stopping threads took: 0.0000793 seconds
2021-07-10T18:01:12.086+0700: 16.352: Total time for which application threads were stopped: 0.0016740 seconds, Stopping threads took: 0.0014960 seconds
2021-07-10T18:01:12.093+0700: 16.360: Total time for which application threads were stopped: 0.0006793 seconds, Stopping threads took: 0.0005369 seconds
2021-07-10T18:01:12.097+0700: 16.363: Total time for which application threads were stopped: 0.0001639 seconds, Stopping threads took: 0.0000510 seconds
2021-07-10T18:01:12.201+0700: 16.467: Total time for which application threads were stopped: 0.0001391 seconds, Stopping threads took: 0.0000401 seconds
2021-07-10T18:01:12.619+0700: 16.886: Total time for which application threads were stopped: 0.0002598 seconds, Stopping threads took: 0.0000770 seconds
2021-07-10T18:01:12.619+0700: 16.886: Total time for which application threads were stopped: 0.0001305 seconds, Stopping threads took: 0.0000536 seconds
2021-07-10T18:01:12.665+0700: 16.932: Total time for which application threads were stopped: 0.0004415 seconds, Stopping threads took: 0.0002715 seconds
2021-07-10T18:01:12.665+0700: 16.932: Total time for which application threads were stopped: 0.0001961 seconds, Stopping threads took: 0.0000659 seconds
2021-07-10T18:01:12.700+0700: 16.966: Total time for which application threads were stopped: 0.0026702 seconds, Stopping threads took: 0.0025137 seconds
2021-07-10T18:01:12.814+0700: 17.081: Total time for which application threads were stopped: 0.0001764 seconds, Stopping threads took: 0.0000492 seconds
2021-07-10T18:01:12.824+0700: 17.091: Total time for which application threads were stopped: 0.0002330 seconds, Stopping threads took: 0.0000599 seconds
2021-07-10T18:01:12.851+0700: 17.117: Total time for which application threads were stopped: 0.0003105 seconds, Stopping threads took: 0.0001221 seconds
2021-07-10T18:01:12.858+0700: 17.124: Total time for which application threads were stopped: 0.0002245 seconds, Stopping threads took: 0.0000481 seconds
2021-07-10T18:01:12.875+0700: 17.141: Total time for which application threads were stopped: 0.0003098 seconds, Stopping threads took: 0.0000908 seconds
2021-07-10T18:01:12.880+0700: 17.147: Total time for which application threads were stopped: 0.0003050 seconds, Stopping threads took: 0.0000616 seconds
2021-07-10T18:01:12.892+0700: 17.159: Total time for which application threads were stopped: 0.0005567 seconds, Stopping threads took: 0.0000692 seconds
2021-07-10T18:01:13.893+0700: 18.159: Total time for which application threads were stopped: 0.0002960 seconds, Stopping threads took: 0.0000628 seconds
2021-07-10T18:01:17.898+0700: 22.164: Total time for which application threads were stopped: 0.0002026 seconds, Stopping threads took: 0.0000641 seconds
2021-07-10T18:01:18.136+0700: 22.402: Total time for which application threads were stopped: 0.0003659 seconds, Stopping threads took: 0.0001654 seconds
2021-07-10T18:01:18.191+0700: 22.457: Total time for which application threads were stopped: 0.0024543 seconds, Stopping threads took: 0.0022476 seconds
2021-07-10T18:01:18.191+0700: 22.458: Total time for which application threads were stopped: 0.0002243 seconds, Stopping threads took: 0.0000932 seconds
2021-07-10T18:01:18.204+0700: 22.471: Total time for which application threads were stopped: 0.0003611 seconds, Stopping threads took: 0.0001801 seconds
2021-07-10T18:01:18.256+0700: 22.523: Total time for which application threads were stopped: 0.0008572 seconds, Stopping threads took: 0.0000873 seconds
2021-07-10T18:01:18.304+0700: 22.570: Total time for which application threads were stopped: 0.0012239 seconds, Stopping threads took: 0.0011284 seconds
{Heap before GC invocations=7 (full 0):
 garbage-first heap   total 1048576K, used 643584K [0x00000006c0000000, 0x00000006c0102000, 0x00000007c0000000)
  region size 1024K, 614 young (628736K), 20 survivors (20480K)
 Metaspace       used 41500K, capacity 42906K, committed 43184K, reserved 1087488K
  class space    used 5138K, capacity 5437K, committed 5552K, reserved 1048576K
2021-07-10T18:01:18.332+0700: 22.599: [GC pause (G1 Evacuation Pause) (young)
Desired survivor size 40370176 bytes, new threshold 15 (max 15)
- age   1:    6965552 bytes,    6965552 total
- age   2:    3365440 bytes,   10330992 total
- age   3:     167824 bytes,   10498816 total
- age   4:    1889752 bytes,   12388568 total
, 0.0373188 secs]
   [Parallel Time: 32.4 ms, GC Workers: 4]
      [GC Worker Start (ms): Min: 22598.8, Avg: 22598.8, Max: 22598.9, Diff: 0.0]
      [Ext Root Scanning (ms): Min: 2.0, Avg: 2.3, Max: 2.9, Diff: 0.9, Sum: 9.1]
      [Update RS (ms): Min: 0.6, Avg: 0.7, Max: 0.8, Diff: 0.1, Sum: 2.9]
         [Processed Buffers: Min: 1, Avg: 3.5, Max: 10, Diff: 9, Sum: 14]
      [Scan RS (ms): Min: 0.0, Avg: 0.1, Max: 0.2, Diff: 0.1, Sum: 0.5]
      [Code Root Scanning (ms): Min: 0.5, Avg: 0.9, Max: 1.3, Diff: 0.8, Sum: 3.8]
      [Object Copy (ms): Min: 27.1, Avg: 28.2, Max: 28.9, Diff: 1.8, Sum: 112.7]
      [Termination (ms): Min: 0.0, Avg: 0.0, Max: 0.0, Diff: 0.0, Sum: 0.0]
         [Termination Attempts: Min: 1, Avg: 1.3, Max: 2, Diff: 1, Sum: 5]
      [GC Worker Other (ms): Min: 0.0, Avg: 0.1, Max: 0.1, Diff: 0.0, Sum: 0.2]
      [GC Worker Total (ms): Min: 32.3, Avg: 32.3, Max: 32.3, Diff: 0.1, Sum: 129.2]
      [GC Worker End (ms): Min: 22631.1, Avg: 22631.1, Max: 22631.2, Diff: 0.0]
   [Code Root Fixup: 0.1 ms]
   [Code Root Purge: 0.0 ms]
   [Clear CT: 0.2 ms]
   [Other: 4.6 ms]
      [Choose CSet: 0.0 ms]
      [Ref Proc: 3.3 ms]
      [Ref Enq: 0.1 ms]
      [Redirty Cards: 0.1 ms]
      [Humongous Register: 0.0 ms]
      [Humongous Reclaim: 0.0 ms]
      [Free CSet: 0.7 ms]
   [Eden: 594.0M(594.0M)->0.0B(583.0M) Survivors: 20.0M->31.0M Heap: 628.5M(1024.0M)->45.0M(1024.0M)]
Heap after GC invocations=8 (full 0):
 garbage-first heap   total 1048576K, used 46080K [0x00000006c0000000, 0x00000006c0102000, 0x00000007c0000000)
  region size 1024K, 31 young (31744K), 31 survivors (31744K)
 Metaspace       used 41500K, capacity 42906K, committed 43184K, reserved 1087488K
  class space    used 5138K, capacity 5437K, committed 5552K, reserved 1048576K
}
 [Times: user=0.13 sys=0.00, real=0.04 secs] 
2021-07-10T18:01:18.370+0700: 22.636: Total time for which application threads were stopped: 0.0378540 seconds, Stopping threads took: 0.0000913 seconds
2021-07-10T18:01:18.373+0700: 22.639: Total time for which application threads were stopped: 0.0002253 seconds, Stopping threads took: 0.0000876 seconds
2021-07-10T18:01:18.374+0700: 22.641: Total time for which application threads were stopped: 0.0001917 seconds, Stopping threads took: 0.0000827 seconds
2021-07-10T18:01:18.384+0700: 22.650: Total time for which application threads were stopped: 0.0007877 seconds, Stopping threads took: 0.0000663 seconds
2021-07-10T18:01:18.384+0700: 22.651: Total time for which application threads were stopped: 0.0001945 seconds, Stopping threads took: 0.0000441 seconds
2021-07-10T18:01:18.488+0700: 22.755: Total time for which application threads were stopped: 0.0007620 seconds, Stopping threads took: 0.0000703 seconds
2021-07-10T18:01:18.509+0700: 22.776: Total time for which application threads were stopped: 0.0007548 seconds, Stopping threads took: 0.0000533 seconds
2021-07-10T18:01:18.571+0700: 22.838: Total time for which application threads were stopped: 0.0009393 seconds, Stopping threads took: 0.0000930 seconds
2021-07-10T18:01:18.722+0700: 22.989: Total time for which application threads were stopped: 0.0002272 seconds, Stopping threads took: 0.0000689 seconds
2021-07-10T18:01:18.723+0700: 22.990: Total time for which application threads were stopped: 0.0002166 seconds, Stopping threads took: 0.0000717 seconds
2021-07-10T18:01:18.725+0700: 22.992: Total time for which application threads were stopped: 0.0001895 seconds, Stopping threads took: 0.0000850 seconds
2021-07-10T18:01:18.764+0700: 23.030: Total time for which application threads were stopped: 0.0002393 seconds, Stopping threads took: 0.0000851 seconds
2021-07-10T18:01:18.837+0700: 23.104: Total time for which application threads were stopped: 0.0012064 seconds, Stopping threads took: 0.0010779 seconds
2021-07-10T18:01:18.839+0700: 23.106: Total time for which application threads were stopped: 0.0001631 seconds, Stopping threads took: 0.0000513 seconds
2021-07-10T18:01:18.845+0700: 23.112: Total time for which application threads were stopped: 0.0002062 seconds, Stopping threads took: 0.0000625 seconds
2021-07-10T18:01:18.853+0700: 23.119: Total time for which application threads were stopped: 0.0003100 seconds, Stopping threads took: 0.0001386 seconds
2021-07-10T18:01:18.880+0700: 23.147: Total time for which application threads were stopped: 0.0006088 seconds, Stopping threads took: 0.0004708 seconds
2021-07-10T18:01:18.924+0700: 23.191: Total time for which application threads were stopped: 0.0005780 seconds, Stopping threads took: 0.0004467 seconds
2021-07-10T18:01:19.924+0700: 24.191: Total time for which application threads were stopped: 0.0003347 seconds, Stopping threads took: 0.0001159 seconds
{Heap before GC invocations=8 (full 0):
 garbage-first heap   total 1048576K, used 643072K [0x00000006c0000000, 0x00000006c0102000, 0x00000007c0000000)
  region size 1024K, 614 young (628736K), 31 survivors (31744K)
 Metaspace       used 43231K, capacity 44690K, committed 44976K, reserved 1089536K
  class space    used 5347K, capacity 5683K, committed 5808K, reserved 1048576K
2021-07-10T18:01:20.063+0700: 24.330: [GC pause (G1 Evacuation Pause) (young)
Desired survivor size 40370176 bytes, new threshold 15 (max 15)
- age   1:   12375248 bytes,   12375248 total
- age   2:    4078960 bytes,   16454208 total
- age   3:    3359408 bytes,   19813616 total
- age   4:     166528 bytes,   19980144 total
- age   5:    1885928 bytes,   21866072 total
, 0.0489569 secs]
   [Parallel Time: 45.8 ms, GC Workers: 4]
      [GC Worker Start (ms): Min: 24329.8, Avg: 24329.8, Max: 24329.8, Diff: 0.0]
      [Ext Root Scanning (ms): Min: 1.2, Avg: 1.7, Max: 2.9, Diff: 1.7, Sum: 6.6]
      [Update RS (ms): Min: 0.0, Avg: 0.7, Max: 1.2, Diff: 1.2, Sum: 2.8]
         [Processed Buffers: Min: 0, Avg: 3.3, Max: 7, Diff: 7, Sum: 13]
      [Scan RS (ms): Min: 0.0, Avg: 0.1, Max: 0.2, Diff: 0.2, Sum: 0.5]
      [Code Root Scanning (ms): Min: 0.0, Avg: 1.0, Max: 1.9, Diff: 1.9, Sum: 4.1]
      [Object Copy (ms): Min: 41.6, Avg: 42.2, Max: 43.2, Diff: 1.6, Sum: 168.6]
      [Termination (ms): Min: 0.0, Avg: 0.0, Max: 0.0, Diff: 0.0, Sum: 0.0]
         [Termination Attempts: Min: 1, Avg: 1.0, Max: 1, Diff: 0, Sum: 4]
      [GC Worker Other (ms): Min: 0.0, Avg: 0.0, Max: 0.1, Diff: 0.0, Sum: 0.2]
      [GC Worker Total (ms): Min: 45.7, Avg: 45.7, Max: 45.7, Diff: 0.0, Sum: 182.7]
      [GC Worker End (ms): Min: 24375.4, Avg: 24375.5, Max: 24375.5, Diff: 0.0]
   [Code Root Fixup: 0.1 ms]
   [Code Root Purge: 0.0 ms]
   [Clear CT: 0.2 ms]
   [Other: 2.8 ms]
      [Choose CSet: 0.0 ms]
      [Ref Proc: 1.6 ms]
      [Ref Enq: 0.1 ms]
      [Redirty Cards: 0.1 ms]
      [Humongous Register: 0.1 ms]
      [Humongous Reclaim: 0.1 ms]
      [Free CSet: 0.7 ms]
   [Eden: 583.0M(583.0M)->0.0B(580.0M) Survivors: 31.0M->34.0M Heap: 628.0M(1024.0M)->48.5M(1024.0M)]
Heap after GC invocations=9 (full 0):
 garbage-first heap   total 1048576K, used 49664K [0x00000006c0000000, 0x00000006c0102000, 0x00000007c0000000)
  region size 1024K, 34 young (34816K), 34 survivors (34816K)
 Metaspace       used 43231K, capacity 44690K, committed 44976K, reserved 1089536K
  class space    used 5347K, capacity 5683K, committed 5808K, reserved 1048576K
}
 [Times: user=0.19 sys=0.00, real=0.05 secs] 
2021-07-10T18:01:20.112+0700: 24.379: Total time for which application threads were stopped: 0.0517350 seconds, Stopping threads took: 0.0022386 seconds
2021-07-10T18:01:20.114+0700: 24.380: Total time for which application threads were stopped: 0.0002571 seconds, Stopping threads took: 0.0000502 seconds
2021-07-10T18:01:20.114+0700: 24.381: Total time for which application threads were stopped: 0.0002223 seconds, Stopping threads took: 0.0000611 seconds
2021-07-10T18:01:20.115+0700: 24.382: Total time for which application threads were stopped: 0.0002203 seconds, Stopping threads took: 0.0000439 seconds
2021-07-10T18:01:20.116+0700: 24.383: Total time for which application threads were stopped: 0.0009863 seconds, Stopping threads took: 0.0008545 seconds
2021-07-10T18:01:20.175+0700: 24.442: Total time for which application threads were stopped: 0.0013471 seconds, Stopping threads took: 0.0012074 seconds
2021-07-10T18:01:20.175+0700: 24.442: Total time for which application threads were stopped: 0.0001469 seconds, Stopping threads took: 0.0000340 seconds
2021-07-10T18:01:20.175+0700: 24.442: Total time for which application threads were stopped: 0.0001224 seconds, Stopping threads took: 0.0000258 seconds
2021-07-10T18:01:20.175+0700: 24.442: Total time for which application threads were stopped: 0.0001209 seconds, Stopping threads took: 0.0000250 seconds
2021-07-10T18:01:20.176+0700: 24.442: Total time for which application threads were stopped: 0.0001100 seconds, Stopping threads took: 0.0000235 seconds
2021-07-10T18:01:20.176+0700: 24.443: Total time for which application threads were stopped: 0.0003993 seconds, Stopping threads took: 0.0000232 seconds
2021-07-10T18:01:20.176+0700: 24.443: Total time for which application threads were stopped: 0.0002518 seconds, Stopping threads took: 0.0000602 seconds
2021-07-10T18:01:20.243+0700: 24.510: Total time for which application threads were stopped: 0.0002351 seconds, Stopping threads took: 0.0000767 seconds
2021-07-10T18:01:21.244+0700: 25.510: Total time for which application threads were stopped: 0.0003275 seconds, Stopping threads took: 0.0000967 seconds
2021-07-10T18:01:24.805+0700: 29.071: Total time for which application threads were stopped: 0.0002332 seconds, Stopping threads took: 0.0000676 seconds
2021-07-10T18:01:24.806+0700: 29.072: Total time for which application threads were stopped: 0.0001777 seconds, Stopping threads took: 0.0000515 seconds
2021-07-10T18:01:24.836+0700: 29.102: Total time for which application threads were stopped: 0.0002107 seconds, Stopping threads took: 0.0001058 seconds
2021-07-10T18:01:24.836+0700: 29.102: Total time for which application threads were stopped: 0.0001679 seconds, Stopping threads took: 0.0000939 seconds
2021-07-10T18:01:24.869+0700: 29.135: Total time for which application threads were stopped: 0.0001874 seconds, Stopping threads took: 0.0000757 seconds
2021-07-10T18:01:24.869+0700: 29.136: Total time for which application threads were stopped: 0.0001767 seconds, Stopping threads took: 0.0000996 seconds
2021-07-10T18:01:24.870+0700: 29.136: Total time for which application threads were stopped: 0.0001486 seconds, Stopping threads took: 0.0000720 seconds
2021-07-10T18:01:26.875+0700: 31.141: Total time for which application threads were stopped: 0.0002064 seconds, Stopping threads took: 0.0000795 seconds
2021-07-10T18:01:27.878+0700: 32.144: Total time for which application threads were stopped: 0.0002981 seconds, Stopping threads took: 0.0001577 seconds
2021-07-10T18:01:53.925+0700: 58.191: Total time for which application threads were stopped: 0.0002528 seconds, Stopping threads took: 0.0000932 seconds
2021-07-10T18:02:08.186+0700: 72.452: Total time for which application threads were stopped: 0.0010167 seconds, Stopping threads took: 0.0000591 seconds
2021-07-10T18:02:08.211+0700: 72.477: Total time for which application threads were stopped: 0.0002252 seconds, Stopping threads took: 0.0000966 seconds
2021-07-10T18:02:08.238+0700: 72.504: Total time for which application threads were stopped: 0.0001258 seconds, Stopping threads took: 0.0000434 seconds
2021-07-10T18:02:08.275+0700: 72.542: Total time for which application threads were stopped: 0.0006670 seconds, Stopping threads took: 0.0000529 seconds
2021-07-10T18:02:08.312+0700: 72.579: Total time for which application threads were stopped: 0.0001982 seconds, Stopping threads took: 0.0000527 seconds
2021-07-10T18:02:08.318+0700: 72.584: Total time for which application threads were stopped: 0.0001858 seconds, Stopping threads took: 0.0000724 seconds
2021-07-10T18:02:08.324+0700: 72.590: Total time for which application threads were stopped: 0.0002045 seconds, Stopping threads took: 0.0000923 seconds
2021-07-10T18:02:08.328+0700: 72.594: Total time for which application threads were stopped: 0.0001151 seconds, Stopping threads took: 0.0000375 seconds
2021-07-10T18:02:08.330+0700: 72.597: Total time for which application threads were stopped: 0.0001110 seconds, Stopping threads took: 0.0000397 seconds
2021-07-10T18:02:08.334+0700: 72.600: Total time for which application threads were stopped: 0.0001740 seconds, Stopping threads took: 0.0000509 seconds
2021-07-10T18:02:09.335+0700: 73.601: Total time for which application threads were stopped: 0.0003231 seconds, Stopping threads took: 0.0001067 seconds
2021-07-10T18:03:08.445+0700: 132.711: Total time for which application threads were stopped: 0.0001833 seconds, Stopping threads took: 0.0000628 seconds
2021-07-10T18:04:08.553+0700: 192.820: Total time for which application threads were stopped: 0.0003318 seconds, Stopping threads took: 0.0000986 seconds
2021-07-10T18:05:08.677+0700: 252.943: Total time for which application threads were stopped: 0.0002838 seconds, Stopping threads took: 0.0000785 seconds
2021-07-10T18:06:08.809+0700: 313.075: Total time for which application threads were stopped: 0.0002421 seconds, Stopping threads took: 0.0000637 seconds
2021-07-10T18:08:09.042+0700: 433.308: Total time for which application threads were stopped: 0.0004136 seconds, Stopping threads took: 0.0001226 seconds
2021-07-10T18:09:09.160+0700: 493.427: Total time for which application threads were stopped: 0.0003088 seconds, Stopping threads took: 0.0000869 seconds
2021-07-10T18:10:09.276+0700: 553.542: Total time for which application threads were stopped: 0.0004486 seconds, Stopping threads took: 0.0001202 seconds
2021-07-10T18:12:09.524+0700: 673.790: Total time for which application threads were stopped: 0.0002289 seconds, Stopping threads took: 0.0000904 seconds
2021-07-10T18:12:28.561+0700: 692.827: Total time for which application threads were stopped: 0.0002273 seconds, Stopping threads took: 0.0000819 seconds
2021-07-10T18:13:09.638+0700: 733.904: Total time for which application threads were stopped: 0.0002745 seconds, Stopping threads took: 0.0001051 seconds
2021-07-10T18:14:09.737+0700: 794.004: Total time for which application threads were stopped: 0.0003172 seconds, Stopping threads took: 0.0000885 seconds
2021-07-10T18:15:09.858+0700: 854.124: Total time for which application threads were stopped: 0.0003593 seconds, Stopping threads took: 0.0000971 seconds
2021-07-10T18:17:10.093+0700: 974.360: Total time for which application threads were stopped: 0.0003222 seconds, Stopping threads took: 0.0000995 seconds
2021-07-10T18:25:10.044+0700: 1454.310: Total time for which application threads were stopped: 0.0003235 seconds, Stopping threads took: 0.0001814 seconds
2021-07-10T18:28:10.364+0700: 1634.630: Total time for which application threads were stopped: 0.0003544 seconds, Stopping threads took: 0.0001519 seconds
2021-07-10T18:32:10.788+0700: 1875.054: Total time for which application threads were stopped: 0.0002233 seconds, Stopping threads took: 0.0000857 seconds
2021-07-10T18:33:10.902+0700: 1935.168: Total time for which application threads were stopped: 0.0002158 seconds, Stopping threads took: 0.0000770 seconds
2021-07-10T18:35:11.114+0700: 2055.380: Total time for which application threads were stopped: 0.0003037 seconds, Stopping threads took: 0.0001005 seconds
2021-07-10T18:38:10.453+0700: 2234.719: Total time for which application threads were stopped: 0.0002310 seconds, Stopping threads took: 0.0000863 seconds
2021-07-10T18:39:10.571+0700: 2294.837: Total time for which application threads were stopped: 0.0003020 seconds, Stopping threads took: 0.0000947 seconds
2021-07-10T18:39:23.594+0700: 2307.860: Total time for which application threads were stopped: 0.0003100 seconds, Stopping threads took: 0.0000930 seconds
2021-07-10T18:42:10.903+0700: 2475.169: Total time for which application threads were stopped: 0.0002914 seconds, Stopping threads took: 0.0000872 seconds
2021-07-10T18:58:33.779+0700: 3458.045: Total time for which application threads were stopped: 0.0004675 seconds, Stopping threads took: 0.0001821 seconds
2021-07-10T19:04:22.960+0700: 3807.226: Total time for which application threads were stopped: 0.0002393 seconds, Stopping threads took: 0.0001037 seconds
2021-07-10T19:04:22.960+0700: 3807.227: Total time for which application threads were stopped: 0.0001439 seconds, Stopping threads took: 0.0000446 seconds
2021-07-10T19:04:22.961+0700: 3807.227: Total time for which application threads were stopped: 0.0001491 seconds, Stopping threads took: 0.0000723 seconds
2021-07-10T19:04:22.961+0700: 3807.227: Total time for which application threads were stopped: 0.0001164 seconds, Stopping threads took: 0.0000475 seconds
2021-07-10T19:04:22.961+0700: 3807.227: Total time for which application threads were stopped: 0.0001029 seconds, Stopping threads took: 0.0000271 seconds
2021-07-10T19:04:23.964+0700: 3808.230: Total time for which application threads were stopped: 0.0002397 seconds, Stopping threads took: 0.0000888 seconds
2021-07-10T19:05:12.052+0700: 3856.318: Total time for which application threads were stopped: 0.0003131 seconds, Stopping threads took: 0.0000887 seconds
2021-07-10T19:06:12.164+0700: 3916.430: Total time for which application threads were stopped: 0.0002382 seconds, Stopping threads took: 0.0000780 seconds
2021-07-10T19:12:12.854+0700: 4277.120: Total time for which application threads were stopped: 0.0002803 seconds, Stopping threads took: 0.0001048 seconds
2021-07-10T19:12:23.875+0700: 4288.141: Total time for which application threads were stopped: 0.0002376 seconds, Stopping threads took: 0.0000962 seconds
2021-07-10T19:13:11.964+0700: 4336.231: Total time for which application threads were stopped: 0.0002582 seconds, Stopping threads took: 0.0001007 seconds
2021-07-10T19:29:13.839+0700: 5298.105: Total time for which application threads were stopped: 0.0002540 seconds, Stopping threads took: 0.0000722 seconds
2021-07-10T19:30:13.954+0700: 5358.220: Total time for which application threads were stopped: 0.0002797 seconds, Stopping threads took: 0.0000612 seconds
2021-07-10T19:42:14.339+0700: 6078.606: Total time for which application threads were stopped: 0.0003529 seconds, Stopping threads took: 0.0001198 seconds
2021-07-10T19:46:14.817+0700: 6319.083: Total time for which application threads were stopped: 0.0003672 seconds, Stopping threads took: 0.0001569 seconds
2021-07-10T19:47:14.921+0700: 6379.188: Total time for which application threads were stopped: 0.0002022 seconds, Stopping threads took: 0.0000635 seconds
2021-07-10T19:50:14.249+0700: 6558.515: Total time for which application threads were stopped: 0.0002957 seconds, Stopping threads took: 0.0000848 seconds
2021-07-10T19:53:14.634+0700: 6738.900: Total time for which application threads were stopped: 0.0004412 seconds, Stopping threads took: 0.0001301 seconds
2021-07-10T20:02:08.640+0700: 7272.907: Total time for which application threads were stopped: 0.0004499 seconds, Stopping threads took: 0.0002069 seconds
2021-07-10T20:02:15.656+0700: 7279.922: Total time for which application threads were stopped: 0.0003379 seconds, Stopping threads took: 0.0001287 seconds
2021-07-10T20:03:15.779+0700: 7340.046: Total time for which application threads were stopped: 0.0002605 seconds, Stopping threads took: 0.0000912 seconds
2021-07-10T20:04:08.884+0700: 7393.150: Total time for which application threads were stopped: 0.0002489 seconds, Stopping threads took: 0.0000749 seconds
2021-07-10T20:09:15.448+0700: 7699.715: Total time for which application threads were stopped: 0.0003946 seconds, Stopping threads took: 0.0000838 seconds
2021-07-10T20:13:15.897+0700: 7940.163: Total time for which application threads were stopped: 0.0005194 seconds, Stopping threads took: 0.0001932 seconds
2021-07-10T20:16:16.264+0700: 8120.530: Total time for which application threads were stopped: 0.0002889 seconds, Stopping threads took: 0.0000754 seconds
2021-07-10T20:22:16.949+0700: 8481.216: Total time for which application threads were stopped: 0.0002049 seconds, Stopping threads took: 0.0000622 seconds
2021-07-10T20:39:16.939+0700: 9501.205: Total time for which application threads were stopped: 0.0003789 seconds, Stopping threads took: 0.0001439 seconds
2021-07-10T20:41:17.178+0700: 9621.444: Total time for which application threads were stopped: 0.0002607 seconds, Stopping threads took: 0.0000958 seconds
2021-07-10T21:02:18.577+0700: 10882.843: Total time for which application threads were stopped: 0.0002198 seconds, Stopping threads took: 0.0000661 seconds
2021-07-10T21:06:08.995+0700: 11113.261: Total time for which application threads were stopped: 0.0002251 seconds, Stopping threads took: 0.0000613 seconds
2021-07-10T21:06:19.019+0700: 11123.286: Total time for which application threads were stopped: 0.0002031 seconds, Stopping threads took: 0.0000588 seconds
2021-07-11T00:37:52.556+0700: 23822.896: Total time for which application threads were stopped: 0.0001922 seconds, Stopping threads took: 0.0000538 seconds
2021-07-11T00:38:52.698+0700: 23883.038: Total time for which application threads were stopped: 0.0001589 seconds, Stopping threads took: 0.0000476 seconds
2021-07-11T00:39:46.811+0700: 23937.150: Total time for which application threads were stopped: 0.0002230 seconds, Stopping threads took: 0.0000788 seconds
2021-07-11T00:44:47.387+0700: 24237.726: Total time for which application threads were stopped: 0.0002177 seconds, Stopping threads took: 0.0000674 seconds
2021-07-11T00:44:52.962+0700: 24243.302: Total time for which application threads were stopped: 0.0025999 seconds, Stopping threads took: 0.0002340 seconds
2021-07-11T00:44:52.964+0700: 24243.304: Total time for which application threads were stopped: 0.0010800 seconds, Stopping threads took: 0.0003660 seconds
2021-07-11T00:44:52.966+0700: 24243.306: Total time for which application threads were stopped: 0.0014401 seconds, Stopping threads took: 0.0007946 seconds
2021-07-11T00:44:52.966+0700: 24243.306: Total time for which application threads were stopped: 0.0001889 seconds, Stopping threads took: 0.0000949 seconds
2021-07-11T00:44:53.094+0700: 24243.435: Total time for which application threads were stopped: 0.0004777 seconds, Stopping threads took: 0.0001331 seconds
2021-07-11T00:44:53.095+0700: 24243.435: Total time for which application threads were stopped: 0.0001577 seconds, Stopping threads took: 0.0000623 seconds
2021-07-11T00:44:53.816+0700: 24244.156: Total time for which application threads were stopped: 0.0004933 seconds, Stopping threads took: 0.0000608 seconds
2021-07-11T00:44:53.817+0700: 24244.157: Total time for which application threads were stopped: 0.0002064 seconds, Stopping threads took: 0.0000779 seconds
2021-07-11T00:44:53.817+0700: 24244.157: Total time for which application threads were stopped: 0.0002719 seconds, Stopping threads took: 0.0001411 seconds
2021-07-11T00:44:53.818+0700: 24244.157: Total time for which application threads were stopped: 0.0001475 seconds, Stopping threads took: 0.0000357 seconds
2021-07-11T00:44:53.818+0700: 24244.158: Total time for which application threads were stopped: 0.0001201 seconds, Stopping threads took: 0.0000312 seconds
2021-07-11T00:44:53.820+0700: 24244.160: Total time for which application threads were stopped: 0.0002117 seconds, Stopping threads took: 0.0000551 seconds
2021-07-11T00:44:53.821+0700: 24244.161: Total time for which application threads were stopped: 0.0006239 seconds, Stopping threads took: 0.0004979 seconds
2021-07-11T00:44:53.821+0700: 24244.162: Total time for which application threads were stopped: 0.0006114 seconds, Stopping threads took: 0.0000418 seconds
2021-07-11T00:44:53.822+0700: 24244.162: Total time for which application threads were stopped: 0.0001747 seconds, Stopping threads took: 0.0000472 seconds
2021-07-11T00:44:53.823+0700: 24244.163: Total time for which application threads were stopped: 0.0006980 seconds, Stopping threads took: 0.0002934 seconds
2021-07-11T00:44:53.825+0700: 24244.165: Total time for which application threads were stopped: 0.0004879 seconds, Stopping threads took: 0.0002823 seconds
2021-07-11T00:44:53.825+0700: 24244.165: Total time for which application threads were stopped: 0.0001940 seconds, Stopping threads took: 0.0000551 seconds
2021-07-11T00:44:53.826+0700: 24244.166: Total time for which application threads were stopped: 0.0002971 seconds, Stopping threads took: 0.0002036 seconds
2021-07-11T00:44:54.828+0700: 24245.168: Total time for which application threads were stopped: 0.0003487 seconds, Stopping threads took: 0.0001681 seconds
2021-07-11T00:44:57.762+0700: 24248.102: Total time for which application threads were stopped: 0.0011340 seconds, Stopping threads took: 0.0009520 seconds
2021-07-11T00:44:57.766+0700: 24248.106: Total time for which application threads were stopped: 0.0003249 seconds, Stopping threads took: 0.0000561 seconds
2021-07-11T00:44:57.766+0700: 24248.107: Total time for which application threads were stopped: 0.0002013 seconds, Stopping threads took: 0.0000827 seconds
2021-07-11T00:44:58.767+0700: 24249.106: Total time for which application threads were stopped: 0.0001765 seconds, Stopping threads took: 0.0000475 seconds
2021-07-11T00:44:59.770+0700: 24250.109: Total time for which application threads were stopped: 0.0001296 seconds, Stopping threads took: 0.0000461 seconds
2021-07-11T00:45:01.478+0700: 24251.819: Total time for which application threads were stopped: 0.0001193 seconds, Stopping threads took: 0.0000321 seconds
2021-07-11T00:45:01.490+0700: 24251.830: Total time for which application threads were stopped: 0.0001213 seconds, Stopping threads took: 0.0000329 seconds
2021-07-11T00:45:01.514+0700: 24251.854: Total time for which application threads were stopped: 0.0006783 seconds, Stopping threads took: 0.0000312 seconds
2021-07-11T00:45:01.525+0700: 24251.866: Total time for which application threads were stopped: 0.0001317 seconds, Stopping threads took: 0.0000439 seconds
2021-07-11T00:45:02.526+0700: 24252.866: Total time for which application threads were stopped: 0.0002710 seconds, Stopping threads took: 0.0000651 seconds
2021-07-11T00:45:45.618+0700: 24295.957: Total time for which application threads were stopped: 0.0001715 seconds, Stopping threads took: 0.0000486 seconds
2021-07-11T00:45:53.635+0700: 24303.975: Total time for which application threads were stopped: 0.0002469 seconds, Stopping threads took: 0.0000825 seconds
2021-07-11T00:46:03.654+0700: 24313.994: Total time for which application threads were stopped: 0.0002986 seconds, Stopping threads took: 0.0000763 seconds
2021-07-11T00:46:42.032+0700: 24352.372: Total time for which application threads were stopped: 0.0005489 seconds, Stopping threads took: 0.0000462 seconds
2021-07-11T00:46:53.052+0700: 24363.392: Total time for which application threads were stopped: 0.0002945 seconds, Stopping threads took: 0.0000830 seconds
2021-07-11T00:46:58.312+0700: 24368.652: Total time for which application threads were stopped: 0.0056372 seconds, Stopping threads took: 0.0051174 seconds
2021-07-11T00:46:59.316+0700: 24369.656: Total time for which application threads were stopped: 0.0003377 seconds, Stopping threads took: 0.0000862 seconds
2021-07-11T00:47:53.430+0700: 24423.770: Total time for which application threads were stopped: 0.0002739 seconds, Stopping threads took: 0.0000738 seconds
2021-07-11T00:50:53.781+0700: 24604.121: Total time for which application threads were stopped: 0.0003479 seconds, Stopping threads took: 0.0000955 seconds
2021-07-11T00:51:53.896+0700: 24664.236: Total time for which application threads were stopped: 0.0002466 seconds, Stopping threads took: 0.0000774 seconds
2021-07-11T00:59:33.779+0700: 25124.120: Total time for which application threads were stopped: 0.0005096 seconds, Stopping threads took: 0.0002556 seconds
2021-07-11T01:05:15.610+0700: 25465.950: Total time for which application threads were stopped: 0.0001632 seconds, Stopping threads took: 0.0000433 seconds
2021-07-11T01:05:16.618+0700: 25466.958: Total time for which application threads were stopped: 0.0002185 seconds, Stopping threads took: 0.0000600 seconds
2021-07-11T01:06:06.703+0700: 25517.043: Total time for which application threads were stopped: 0.0003066 seconds, Stopping threads took: 0.0000825 seconds
2021-07-11T01:09:11.080+0700: 25701.420: Total time for which application threads were stopped: 0.0002657 seconds, Stopping threads took: 0.0000852 seconds
2021-07-11T01:09:12.092+0700: 25702.431: Total time for which application threads were stopped: 0.0090905 seconds, Stopping threads took: 0.0084310 seconds
2021-07-11T01:09:12.667+0700: 25703.007: Total time for which application threads were stopped: 0.0008377 seconds, Stopping threads took: 0.0001048 seconds
2021-07-11T01:09:13.668+0700: 25704.008: Total time for which application threads were stopped: 0.0005244 seconds, Stopping threads took: 0.0000913 seconds
2021-07-11T01:09:17.464+0700: 25707.804: Total time for which application threads were stopped: 0.0003853 seconds, Stopping threads took: 0.0002523 seconds
2021-07-11T01:09:17.514+0700: 25707.854: Total time for which application threads were stopped: 0.0006568 seconds, Stopping threads took: 0.0000801 seconds
2021-07-11T01:09:45.569+0700: 25735.909: Total time for which application threads were stopped: 0.0053505 seconds, Stopping threads took: 0.0000840 seconds
2021-07-11T01:09:46.571+0700: 25736.911: Total time for which application threads were stopped: 0.0001409 seconds, Stopping threads took: 0.0000583 seconds
2021-07-11T01:09:52.961+0700: 25743.301: Total time for which application threads were stopped: 0.0006202 seconds, Stopping threads took: 0.0000939 seconds
2021-07-11T01:09:52.962+0700: 25743.302: Total time for which application threads were stopped: 0.0002060 seconds, Stopping threads took: 0.0000695 seconds
2021-07-11T01:09:52.963+0700: 25743.302: Total time for which application threads were stopped: 0.0001383 seconds, Stopping threads took: 0.0000420 seconds
2021-07-11T01:09:52.971+0700: 25743.311: Total time for which application threads were stopped: 0.0007811 seconds, Stopping threads took: 0.0000536 seconds
2021-07-11T01:09:52.973+0700: 25743.313: Total time for which application threads were stopped: 0.0002004 seconds, Stopping threads took: 0.0000501 seconds
2021-07-11T01:09:53.974+0700: 25744.313: Total time for which application threads were stopped: 0.0001677 seconds, Stopping threads took: 0.0000523 seconds
2021-07-11T01:09:54.906+0700: 25745.246: Total time for which application threads were stopped: 0.0006458 seconds, Stopping threads took: 0.0004539 seconds
2021-07-11T01:09:54.907+0700: 25745.247: Total time for which application threads were stopped: 0.0002104 seconds, Stopping threads took: 0.0000579 seconds
2021-07-11T01:09:54.908+0700: 25745.248: Total time for which application threads were stopped: 0.0002376 seconds, Stopping threads took: 0.0000735 seconds
2021-07-11T01:09:54.908+0700: 25745.248: Total time for which application threads were stopped: 0.0004722 seconds, Stopping threads took: 0.0000330 seconds
2021-07-11T01:09:54.909+0700: 25745.248: Total time for which application threads were stopped: 0.0002349 seconds, Stopping threads took: 0.0000799 seconds
2021-07-11T01:09:54.910+0700: 25745.250: Total time for which application threads were stopped: 0.0002356 seconds, Stopping threads took: 0.0000592 seconds
2021-07-11T01:09:54.911+0700: 25745.251: Total time for which application threads were stopped: 0.0006910 seconds, Stopping threads took: 0.0000435 seconds
2021-07-11T01:09:54.912+0700: 25745.252: Total time for which application threads were stopped: 0.0002778 seconds, Stopping threads took: 0.0000966 seconds
2021-07-11T01:09:55.914+0700: 25746.254: Total time for which application threads were stopped: 0.0003883 seconds, Stopping threads took: 0.0000846 seconds
2021-07-11T01:09:59.921+0700: 25750.261: Total time for which application threads were stopped: 0.0002290 seconds, Stopping threads took: 0.0000638 seconds
2021-07-11T01:10:01.395+0700: 25751.735: Total time for which application threads were stopped: 0.0001969 seconds, Stopping threads took: 0.0000529 seconds
2021-07-11T01:10:06.406+0700: 25756.746: Total time for which application threads were stopped: 0.0003438 seconds, Stopping threads took: 0.0000552 seconds
2021-07-11T01:10:38.099+0700: 25788.439: Total time for which application threads were stopped: 0.0006042 seconds, Stopping threads took: 0.0000875 seconds
2021-07-11T01:10:38.215+0700: 25788.555: Total time for which application threads were stopped: 0.0002237 seconds, Stopping threads took: 0.0000564 seconds
2021-07-11T01:10:39.215+0700: 25789.555: Total time for which application threads were stopped: 0.0001563 seconds, Stopping threads took: 0.0000452 seconds
2021-07-11T01:10:40.216+0700: 25790.556: Total time for which application threads were stopped: 0.0004572 seconds, Stopping threads took: 0.0001430 seconds
2021-07-11T01:10:41.219+0700: 25791.558: Total time for which application threads were stopped: 0.0002617 seconds, Stopping threads took: 0.0000775 seconds
2021-07-11T01:10:42.219+0700: 25792.559: Total time for which application threads were stopped: 0.0002649 seconds, Stopping threads took: 0.0000805 seconds
2021-07-11T01:10:43.221+0700: 25793.561: Total time for which application threads were stopped: 0.0002472 seconds, Stopping threads took: 0.0000823 seconds
2021-07-11T01:10:46.225+0700: 25796.565: Total time for which application threads were stopped: 0.0003227 seconds, Stopping threads took: 0.0000788 seconds
2021-07-11T01:11:55.359+0700: 25865.699: Total time for which application threads were stopped: 0.0001905 seconds, Stopping threads took: 0.0000523 seconds
2021-07-11T01:19:55.272+0700: 26345.612: Total time for which application threads were stopped: 0.0002396 seconds, Stopping threads took: 0.0000844 seconds
2021-07-11T01:22:55.635+0700: 26525.975: Total time for which application threads were stopped: 0.0004025 seconds, Stopping threads took: 0.0001948 seconds
2021-07-11T01:25:55.978+0700: 26706.318: Total time for which application threads were stopped: 0.0002101 seconds, Stopping threads took: 0.0000717 seconds
2021-07-11T01:26:56.106+0700: 26766.446: Total time for which application threads were stopped: 0.0001766 seconds, Stopping threads took: 0.0000466 seconds
2021-07-11T01:28:44.316+0700: 26874.656: Total time for which application threads were stopped: 0.0003530 seconds, Stopping threads took: 0.0000490 seconds
2021-07-11T01:28:44.336+0700: 26874.676: Total time for which application threads were stopped: 0.0010850 seconds, Stopping threads took: 0.0000315 seconds
2021-07-11T01:28:44.341+0700: 26874.680: Total time for which application threads were stopped: 0.0001755 seconds, Stopping threads took: 0.0000702 seconds
2021-07-11T01:28:45.344+0700: 26875.684: Total time for which application threads were stopped: 0.0002330 seconds, Stopping threads took: 0.0000628 seconds
2021-07-11T01:28:55.361+0700: 26885.701: Total time for which application threads were stopped: 0.0057338 seconds, Stopping threads took: 0.0001146 seconds
2021-07-11T01:28:56.929+0700: 26887.270: Total time for which application threads were stopped: 0.0010692 seconds, Stopping threads took: 0.0000499 seconds
2021-07-11T01:28:57.097+0700: 26887.437: Total time for which application threads were stopped: 0.0001281 seconds, Stopping threads took: 0.0000326 seconds
2021-07-11T01:28:57.098+0700: 26887.438: Total time for which application threads were stopped: 0.0001079 seconds, Stopping threads took: 0.0000251 seconds
2021-07-11T01:28:57.125+0700: 26887.465: Total time for which application threads were stopped: 0.0001233 seconds, Stopping threads took: 0.0000303 seconds
2021-07-11T01:28:57.160+0700: 26887.500: Total time for which application threads were stopped: 0.0001714 seconds, Stopping threads took: 0.0000335 seconds
2021-07-11T01:28:57.221+0700: 26887.561: Total time for which application threads were stopped: 0.0001436 seconds, Stopping threads took: 0.0000335 seconds
2021-07-11T01:28:57.227+0700: 26887.567: Total time for which application threads were stopped: 0.0001454 seconds, Stopping threads took: 0.0000451 seconds
2021-07-11T01:28:58.230+0700: 26888.570: Total time for which application threads were stopped: 0.0002729 seconds, Stopping threads took: 0.0000949 seconds
2021-07-11T01:28:58.230+0700: 26888.570: Total time for which application threads were stopped: 0.0001953 seconds, Stopping threads took: 0.0000483 seconds
2021-07-11T01:28:58.238+0700: 26888.578: Total time for which application threads were stopped: 0.0003051 seconds, Stopping threads took: 0.0000649 seconds
2021-07-11T01:28:58.239+0700: 26888.579: Total time for which application threads were stopped: 0.0002242 seconds, Stopping threads took: 0.0000633 seconds
2021-07-11T01:28:58.272+0700: 26888.612: Total time for which application threads were stopped: 0.0003018 seconds, Stopping threads took: 0.0000601 seconds
2021-07-11T01:28:58.364+0700: 26888.704: Total time for which application threads were stopped: 0.0001343 seconds, Stopping threads took: 0.0000307 seconds
2021-07-11T01:28:58.364+0700: 26888.705: Total time for which application threads were stopped: 0.0000811 seconds, Stopping threads took: 0.0000203 seconds
2021-07-11T01:28:58.406+0700: 26888.746: Total time for which application threads were stopped: 0.0001387 seconds, Stopping threads took: 0.0000350 seconds
2021-07-11T01:28:58.407+0700: 26888.747: Total time for which application threads were stopped: 0.0001166 seconds, Stopping threads took: 0.0000277 seconds
2021-07-11T01:28:59.409+0700: 26889.749: Total time for which application threads were stopped: 0.0003644 seconds, Stopping threads took: 0.0000926 seconds
2021-07-11T01:29:06.421+0700: 26896.760: Total time for which application threads were stopped: 0.0001984 seconds, Stopping threads took: 0.0000507 seconds
2021-07-11T01:29:07.100+0700: 26897.440: Total time for which application threads were stopped: 0.0001207 seconds, Stopping threads took: 0.0000314 seconds
{Heap before GC invocations=9 (full 0):
 garbage-first heap   total 1048576K, used 584320K [0x00000006c0000000, 0x00000006c0102000, 0x00000007c0000000)
  region size 1024K, 553 young (566272K), 34 survivors (34816K)
 Metaspace       used 47092K, capacity 48870K, committed 48936K, reserved 1091584K
  class space    used 5749K, capacity 6150K, committed 6192K, reserved 1048576K
2021-07-11T01:29:07.101+0700: 26897.441: [GC pause (Metadata GC Threshold) (young) (initial-mark)
Desired survivor size 40370176 bytes, new threshold 15 (max 15)
- age   1:    8083544 bytes,    8083544 total
- age   2:   12212648 bytes,   20296192 total
- age   3:    4061552 bytes,   24357744 total
- age   4:    3358624 bytes,   27716368 total
- age   5:     166352 bytes,   27882720 total
- age   6:    1885144 bytes,   29767864 total
, 0.2098963 secs]
   [Parallel Time: 190.8 ms, GC Workers: 4]
      [GC Worker Start (ms): Min: 26897448.5, Avg: 26897448.7, Max: 26897449.0, Diff: 0.4]
      [Ext Root Scanning (ms): Min: 5.9, Avg: 8.9, Max: 12.9, Diff: 7.1, Sum: 35.6]
      [Update RS (ms): Min: 3.1, Avg: 4.4, Max: 5.2, Diff: 2.1, Sum: 17.6]
         [Processed Buffers: Min: 1, Avg: 6.0, Max: 21, Diff: 20, Sum: 24]
      [Scan RS (ms): Min: 0.1, Avg: 0.2, Max: 0.6, Diff: 0.5, Sum: 0.9]
      [Code Root Scanning (ms): Min: 0.0, Avg: 2.8, Max: 5.8, Diff: 5.8, Sum: 11.4]
      [Object Copy (ms): Min: 169.0, Avg: 171.8, Max: 175.3, Diff: 6.3, Sum: 687.3]
      [Termination (ms): Min: 0.0, Avg: 0.2, Max: 0.2, Diff: 0.2, Sum: 0.6]
         [Termination Attempts: Min: 1, Avg: 1.0, Max: 1, Diff: 0, Sum: 4]
      [GC Worker Other (ms): Min: 0.1, Avg: 0.1, Max: 0.1, Diff: 0.1, Sum: 0.3]
      [GC Worker Total (ms): Min: 188.2, Avg: 188.4, Max: 188.6, Diff: 0.4, Sum: 753.8]
      [GC Worker End (ms): Min: 26897637.2, Avg: 26897637.2, Max: 26897637.2, Diff: 0.0]
   [Code Root Fixup: 0.2 ms]
   [Code Root Purge: 0.1 ms]
   [Clear CT: 1.7 ms]
   [Other: 17.2 ms]
      [Choose CSet: 0.0 ms]
      [Ref Proc: 8.6 ms]
      [Ref Enq: 0.1 ms]
      [Redirty Cards: 0.1 ms]
      [Humongous Register: 0.1 ms]
      [Humongous Reclaim: 0.1 ms]
      [Free CSet: 2.7 ms]
   [Eden: 519.0M(580.0M)->0.0B(565.0M) Survivors: 34.0M->49.0M Heap: 571.1M(1024.0M)->65.6M(1024.0M)]
Heap after GC invocations=10 (full 0):
 garbage-first heap   total 1048576K, used 67200K [0x00000006c0000000, 0x00000006c0102000, 0x00000007c0000000)
  region size 1024K, 49 young (50176K), 49 survivors (50176K)
 Metaspace       used 47092K, capacity 48870K, committed 48936K, reserved 1091584K
  class space    used 5749K, capacity 6150K, committed 6192K, reserved 1048576K
}
 [Times: user=0.39 sys=0.28, real=0.21 secs] 
2021-07-11T01:29:07.311+0700: 26897.651: Total time for which application threads were stopped: 0.2105641 seconds, Stopping threads took: 0.0000667 seconds
2021-07-11T01:29:07.311+0700: 26897.652: [GC concurrent-root-region-scan-start]
2021-07-11T01:29:07.312+0700: 26897.652: Total time for which application threads were stopped: 0.0002602 seconds, Stopping threads took: 0.0001011 seconds
2021-07-11T01:29:07.313+0700: 26897.653: Total time for which application threads were stopped: 0.0003561 seconds, Stopping threads took: 0.0001191 seconds
2021-07-11T01:29:07.314+0700: 26897.654: Total time for which application threads were stopped: 0.0001863 seconds, Stopping threads took: 0.0000514 seconds
2021-07-11T01:29:07.315+0700: 26897.655: Total time for which application threads were stopped: 0.0004338 seconds, Stopping threads took: 0.0000322 seconds
2021-07-11T01:29:07.315+0700: 26897.655: Total time for which application threads were stopped: 0.0001402 seconds, Stopping threads took: 0.0000328 seconds
2021-07-11T01:29:07.316+0700: 26897.656: Total time for which application threads were stopped: 0.0003426 seconds, Stopping threads took: 0.0000772 seconds
2021-07-11T01:29:07.316+0700: 26897.656: Total time for which application threads were stopped: 0.0001400 seconds, Stopping threads took: 0.0000646 seconds
2021-07-11T01:29:07.316+0700: 26897.657: Total time for which application threads were stopped: 0.0001101 seconds, Stopping threads took: 0.0000496 seconds
2021-07-11T01:29:07.317+0700: 26897.657: Total time for which application threads were stopped: 0.0001612 seconds, Stopping threads took: 0.0000986 seconds
2021-07-11T01:29:07.317+0700: 26897.657: Total time for which application threads were stopped: 0.0001646 seconds, Stopping threads took: 0.0000662 seconds
2021-07-11T01:29:07.317+0700: 26897.658: Total time for which application threads were stopped: 0.0001327 seconds, Stopping threads took: 0.0000578 seconds
2021-07-11T01:29:07.321+0700: 26897.662: Total time for which application threads were stopped: 0.0002240 seconds, Stopping threads took: 0.0000735 seconds
2021-07-11T01:29:07.386+0700: 26897.726: [GC concurrent-root-region-scan-end, 0.0748221 secs]
2021-07-11T01:29:07.386+0700: 26897.726: [GC concurrent-mark-start]
2021-07-11T01:29:07.444+0700: 26897.784: [GC concurrent-mark-end, 0.0580545 secs]
2021-07-11T01:29:07.444+0700: 26897.785: [GC remark 2021-07-11T01:29:07.444+0700: 26897.785: [Finalize Marking, 0.0001746 secs] 2021-07-11T01:29:07.445+0700: 26897.785: [GC ref-proc, 0.0020204 secs] 2021-07-11T01:29:07.447+0700: 26897.787: [Unloading, 0.0702130 secs], 0.0728766 secs]
 [Times: user=0.06 sys=0.14, real=0.07 secs] 
2021-07-11T01:29:07.518+0700: 26897.858: Total time for which application threads were stopped: 0.0730665 seconds, Stopping threads took: 0.0000375 seconds
2021-07-11T01:29:07.518+0700: 26897.858: [GC cleanup 66M->66M(1024M), 0.0050233 secs]
 [Times: user=0.00 sys=0.00, real=0.01 secs] 
2021-07-11T01:29:07.523+0700: 26897.863: Total time for which application threads were stopped: 0.0053068 seconds, Stopping threads took: 0.0000645 seconds
2021-07-11T01:29:08.526+0700: 26898.866: Total time for which application threads were stopped: 0.0002958 seconds, Stopping threads took: 0.0000905 seconds
2021-07-11T01:29:12.229+0700: 26902.569: Total time for which application threads were stopped: 0.0002778 seconds, Stopping threads took: 0.0000644 seconds
2021-07-11T01:29:12.230+0700: 26902.571: Total time for which application threads were stopped: 0.0002277 seconds, Stopping threads took: 0.0000544 seconds
2021-07-11T01:29:12.231+0700: 26902.571: Total time for which application threads were stopped: 0.0001809 seconds, Stopping threads took: 0.0000376 seconds
2021-07-11T01:29:12.247+0700: 26902.587: Total time for which application threads were stopped: 0.0003528 seconds, Stopping threads took: 0.0000739 seconds
2021-07-11T01:29:12.250+0700: 26902.590: Total time for which application threads were stopped: 0.0003525 seconds, Stopping threads took: 0.0000780 seconds
2021-07-11T01:29:12.253+0700: 26902.593: Total time for which application threads were stopped: 0.0004021 seconds, Stopping threads took: 0.0000808 seconds
2021-07-11T01:29:12.255+0700: 26902.595: Total time for which application threads were stopped: 0.0003621 seconds, Stopping threads took: 0.0001034 seconds
2021-07-11T01:29:12.257+0700: 26902.597: Total time for which application threads were stopped: 0.0003294 seconds, Stopping threads took: 0.0000763 seconds
2021-07-11T01:29:12.262+0700: 26902.602: Total time for which application threads were stopped: 0.0003610 seconds, Stopping threads took: 0.0000743 seconds
2021-07-11T01:29:12.265+0700: 26902.606: Total time for which application threads were stopped: 0.0002447 seconds, Stopping threads took: 0.0000942 seconds
2021-07-11T01:29:12.267+0700: 26902.607: Total time for which application threads were stopped: 0.0001895 seconds, Stopping threads took: 0.0000456 seconds
2021-07-11T01:29:12.270+0700: 26902.610: Total time for which application threads were stopped: 0.0001872 seconds, Stopping threads took: 0.0000436 seconds
2021-07-11T01:29:12.271+0700: 26902.611: Total time for which application threads were stopped: 0.0001817 seconds, Stopping threads took: 0.0000406 seconds
2021-07-11T01:29:12.272+0700: 26902.612: Total time for which application threads were stopped: 0.0001840 seconds, Stopping threads took: 0.0000441 seconds
2021-07-11T01:29:12.291+0700: 26902.632: Total time for which application threads were stopped: 0.0002040 seconds, Stopping threads took: 0.0000516 seconds
2021-07-11T01:29:12.292+0700: 26902.632: Total time for which application threads were stopped: 0.0001718 seconds, Stopping threads took: 0.0000429 seconds
2021-07-11T01:29:12.293+0700: 26902.634: Total time for which application threads were stopped: 0.0001865 seconds, Stopping threads took: 0.0000423 seconds
2021-07-11T01:29:12.294+0700: 26902.634: Total time for which application threads were stopped: 0.0001750 seconds, Stopping threads took: 0.0000415 seconds
2021-07-11T01:29:12.295+0700: 26902.635: Total time for which application threads were stopped: 0.0001775 seconds, Stopping threads took: 0.0000439 seconds
2021-07-11T01:29:12.295+0700: 26902.635: Total time for which application threads were stopped: 0.0000917 seconds, Stopping threads took: 0.0000217 seconds
2021-07-11T01:29:12.295+0700: 26902.636: Total time for which application threads were stopped: 0.0000872 seconds, Stopping threads took: 0.0000202 seconds
2021-07-11T01:29:15.302+0700: 26905.641: Total time for which application threads were stopped: 0.0002098 seconds, Stopping threads took: 0.0000534 seconds
2021-07-11T01:29:56.384+0700: 26946.724: Total time for which application threads were stopped: 0.0002676 seconds, Stopping threads took: 0.0000870 seconds
2021-07-11T01:30:14.957+0700: 26965.298: Total time for which application threads were stopped: 0.0002174 seconds, Stopping threads took: 0.0000597 seconds
2021-07-11T01:30:14.957+0700: 26965.298: Total time for which application threads were stopped: 0.0002990 seconds, Stopping threads took: 0.0000424 seconds
2021-07-11T01:30:25.410+0700: 26975.750: Total time for which application threads were stopped: 0.0001982 seconds, Stopping threads took: 0.0000468 seconds
2021-07-11T01:30:25.411+0700: 26975.751: Total time for which application threads were stopped: 0.0001868 seconds, Stopping threads took: 0.0000377 seconds
2021-07-11T01:30:25.412+0700: 26975.752: Total time for which application threads were stopped: 0.0002589 seconds, Stopping threads took: 0.0000852 seconds
2021-07-11T01:30:25.413+0700: 26975.754: Total time for which application threads were stopped: 0.0002968 seconds, Stopping threads took: 0.0000482 seconds
2021-07-11T01:30:26.416+0700: 26976.757: Total time for which application threads were stopped: 0.0007419 seconds, Stopping threads took: 0.0006149 seconds
2021-07-11T01:30:26.421+0700: 26976.761: Total time for which application threads were stopped: 0.0001822 seconds, Stopping threads took: 0.0000490 seconds
2021-07-11T01:30:26.424+0700: 26976.765: Total time for which application threads were stopped: 0.0002003 seconds, Stopping threads took: 0.0000464 seconds
2021-07-11T01:30:26.424+0700: 26976.765: Total time for which application threads were stopped: 0.0001197 seconds, Stopping threads took: 0.0000260 seconds
2021-07-11T01:30:26.429+0700: 26976.769: Total time for which application threads were stopped: 0.0001981 seconds, Stopping threads took: 0.0000468 seconds
2021-07-11T01:30:27.433+0700: 26977.773: Total time for which application threads were stopped: 0.0003965 seconds, Stopping threads took: 0.0001727 seconds
2021-07-11T01:30:40.418+0700: 26990.758: Total time for which application threads were stopped: 0.0001545 seconds, Stopping threads took: 0.0000422 seconds
2021-07-11T01:30:40.427+0700: 26990.767: Total time for which application threads were stopped: 0.0001603 seconds, Stopping threads took: 0.0000472 seconds
2021-07-11T01:30:40.429+0700: 26990.769: Total time for which application threads were stopped: 0.0002161 seconds, Stopping threads took: 0.0000607 seconds
2021-07-11T01:30:40.431+0700: 26990.771: Total time for which application threads were stopped: 0.0002331 seconds, Stopping threads took: 0.0000760 seconds
2021-07-11T01:30:40.432+0700: 26990.772: Total time for which application threads were stopped: 0.0005234 seconds, Stopping threads took: 0.0000477 seconds
2021-07-11T01:30:40.471+0700: 26990.811: Total time for which application threads were stopped: 0.0002231 seconds, Stopping threads took: 0.0000849 seconds
2021-07-11T01:30:40.472+0700: 26990.812: Total time for which application threads were stopped: 0.0002214 seconds, Stopping threads took: 0.0000814 seconds
2021-07-11T01:30:40.472+0700: 26990.812: Total time for which application threads were stopped: 0.0002368 seconds, Stopping threads took: 0.0000591 seconds
2021-07-11T01:30:40.473+0700: 26990.813: Total time for which application threads were stopped: 0.0001522 seconds, Stopping threads took: 0.0000339 seconds
2021-07-11T01:30:55.492+0700: 27005.832: Total time for which application threads were stopped: 0.0003901 seconds, Stopping threads took: 0.0001373 seconds
2021-07-11T01:30:56.493+0700: 27006.833: Total time for which application threads were stopped: 0.0002394 seconds, Stopping threads took: 0.0000638 seconds
2021-07-11T01:31:15.531+0700: 27025.871: Total time for which application threads were stopped: 0.0003595 seconds, Stopping threads took: 0.0000822 seconds
2021-07-11T01:31:31.560+0700: 27041.900: Total time for which application threads were stopped: 0.0001901 seconds, Stopping threads took: 0.0000511 seconds
2021-07-11T01:32:33.671+0700: 27104.010: Total time for which application threads were stopped: 0.0001841 seconds, Stopping threads took: 0.0000825 seconds
2021-07-11T01:33:55.829+0700: 27186.169: Total time for which application threads were stopped: 0.0002907 seconds, Stopping threads took: 0.0000987 seconds
2021-07-11T01:39:56.513+0700: 27546.853: Total time for which application threads were stopped: 0.0004381 seconds, Stopping threads took: 0.0001449 seconds
2021-07-11T02:33:20.148+0700: 30756.761: Total time for which application threads were stopped: 0.0001940 seconds, Stopping threads took: 0.0000578 seconds
2021-07-11T02:34:20.258+0700: 30816.871: Total time for which application threads were stopped: 0.0001420 seconds, Stopping threads took: 0.0000463 seconds
2021-07-11T02:37:20.640+0700: 30997.253: Total time for which application threads were stopped: 0.0004836 seconds, Stopping threads took: 0.0001218 seconds
2021-07-11T02:38:20.771+0700: 31057.384: Total time for which application threads were stopped: 0.0003788 seconds, Stopping threads took: 0.0000808 seconds
2021-07-11T02:41:21.098+0700: 31237.711: Total time for which application threads were stopped: 0.0002083 seconds, Stopping threads took: 0.0000509 seconds
2021-07-11T02:49:34.033+0700: 31730.646: Total time for which application threads were stopped: 0.0003884 seconds, Stopping threads took: 0.0001224 seconds
2021-07-11T02:53:05.459+0700: 31942.072: Total time for which application threads were stopped: 0.0003555 seconds, Stopping threads took: 0.0001729 seconds
2021-07-11T02:54:04.951+0700: 32001.565: Total time for which application threads were stopped: 0.0001412 seconds, Stopping threads took: 0.0000379 seconds
2021-07-11T02:54:05.952+0700: 32002.565: Total time for which application threads were stopped: 0.0002271 seconds, Stopping threads took: 0.0000480 seconds
2021-07-11T02:54:06.303+0700: 32002.917: Total time for which application threads were stopped: 0.0002585 seconds, Stopping threads took: 0.0000761 seconds
2021-07-11T02:54:06.303+0700: 32002.917: Total time for which application threads were stopped: 0.0003563 seconds, Stopping threads took: 0.0001138 seconds
2021-07-11T02:54:06.318+0700: 32002.931: Total time for which application threads were stopped: 0.0003440 seconds, Stopping threads took: 0.0001804 seconds
2021-07-11T02:54:06.318+0700: 32002.932: Total time for which application threads were stopped: 0.0001783 seconds, Stopping threads took: 0.0000397 seconds
2021-07-11T02:54:06.323+0700: 32002.937: Total time for which application threads were stopped: 0.0001986 seconds, Stopping threads took: 0.0000502 seconds
2021-07-11T02:54:06.324+0700: 32002.938: Total time for which application threads were stopped: 0.0002724 seconds, Stopping threads took: 0.0001123 seconds
2021-07-11T02:54:06.543+0700: 32003.156: Total time for which application threads were stopped: 0.0002319 seconds, Stopping threads took: 0.0000479 seconds
2021-07-11T02:54:06.543+0700: 32003.157: Total time for which application threads were stopped: 0.0001623 seconds, Stopping threads took: 0.0000357 seconds
2021-07-11T02:54:06.543+0700: 32003.157: Total time for which application threads were stopped: 0.0001748 seconds, Stopping threads took: 0.0000414 seconds
2021-07-11T02:54:06.543+0700: 32003.157: Total time for which application threads were stopped: 0.0001524 seconds, Stopping threads took: 0.0000366 seconds
2021-07-11T02:54:06.544+0700: 32003.157: Total time for which application threads were stopped: 0.0001292 seconds, Stopping threads took: 0.0000275 seconds
2021-07-11T02:54:06.546+0700: 32003.160: Total time for which application threads were stopped: 0.0001922 seconds, Stopping threads took: 0.0000457 seconds
2021-07-11T02:54:06.547+0700: 32003.160: Total time for which application threads were stopped: 0.0006132 seconds, Stopping threads took: 0.0000369 seconds
2021-07-11T02:54:06.628+0700: 32003.241: Total time for which application threads were stopped: 0.0002845 seconds, Stopping threads took: 0.0000798 seconds
2021-07-11T02:54:06.628+0700: 32003.242: Total time for which application threads were stopped: 0.0002320 seconds, Stopping threads took: 0.0000721 seconds
2021-07-11T02:54:06.628+0700: 32003.242: Total time for which application threads were stopped: 0.0002633 seconds, Stopping threads took: 0.0001187 seconds
2021-07-11T02:54:06.629+0700: 32003.242: Total time for which application threads were stopped: 0.0001860 seconds, Stopping threads took: 0.0000641 seconds
2021-07-11T02:54:06.629+0700: 32003.243: Total time for which application threads were stopped: 0.0002478 seconds, Stopping threads took: 0.0000824 seconds
2021-07-11T02:54:06.630+0700: 32003.244: Total time for which application threads were stopped: 0.0004875 seconds, Stopping threads took: 0.0003246 seconds
2021-07-11T02:54:06.631+0700: 32003.244: Total time for which application threads were stopped: 0.0002147 seconds, Stopping threads took: 0.0000758 seconds
2021-07-11T02:54:07.633+0700: 32004.246: Total time for which application threads were stopped: 0.0002393 seconds, Stopping threads took: 0.0000893 seconds
2021-07-11T02:54:11.641+0700: 32008.254: Total time for which application threads were stopped: 0.0002299 seconds, Stopping threads took: 0.0000668 seconds
2021-07-11T02:54:13.821+0700: 32010.434: Total time for which application threads were stopped: 0.0001296 seconds, Stopping threads took: 0.0000318 seconds
2021-07-11T02:54:13.821+0700: 32010.435: Total time for which application threads were stopped: 0.0001124 seconds, Stopping threads took: 0.0000280 seconds
2021-07-11T02:54:13.822+0700: 32010.435: Total time for which application threads were stopped: 0.0001590 seconds, Stopping threads took: 0.0000312 seconds
2021-07-11T02:54:14.826+0700: 32011.439: Total time for which application threads were stopped: 0.0002426 seconds, Stopping threads took: 0.0000694 seconds
2021-07-11T02:55:13.940+0700: 32070.554: Total time for which application threads were stopped: 0.0017430 seconds, Stopping threads took: 0.0015575 seconds
2021-07-11T02:56:11.055+0700: 32127.668: Total time for which application threads were stopped: 0.0002914 seconds, Stopping threads took: 0.0000752 seconds
2021-07-11T02:57:23.181+0700: 32199.794: Total time for which application threads were stopped: 0.0002038 seconds, Stopping threads took: 0.0000541 seconds
2021-07-11T02:57:34.206+0700: 32210.819: Total time for which application threads were stopped: 0.0003254 seconds, Stopping threads took: 0.0000931 seconds
2021-07-11T03:00:04.721+0700: 32361.335: Total time for which application threads were stopped: 0.0002184 seconds, Stopping threads took: 0.0000542 seconds
2021-07-11T03:00:04.722+0700: 32361.336: Total time for which application threads were stopped: 0.0002330 seconds, Stopping threads took: 0.0000739 seconds
2021-07-11T03:00:05.724+0700: 32362.337: Total time for which application threads were stopped: 0.0001354 seconds, Stopping threads took: 0.0000332 seconds
2021-07-11T03:00:11.737+0700: 32368.350: Total time for which application threads were stopped: 0.0001828 seconds, Stopping threads took: 0.0000439 seconds
2021-07-11T03:01:27.894+0700: 32444.508: Total time for which application threads were stopped: 0.0004581 seconds, Stopping threads took: 0.0002392 seconds
2021-07-11T03:01:43.755+0700: 32460.369: Total time for which application threads were stopped: 0.0013025 seconds, Stopping threads took: 0.0000530 seconds
2021-07-11T03:01:44.758+0700: 32461.371: Total time for which application threads were stopped: 0.0001911 seconds, Stopping threads took: 0.0000502 seconds
2021-07-11T03:05:52.221+0700: 32708.834: Total time for which application threads were stopped: 0.0001654 seconds, Stopping threads took: 0.0000432 seconds
2021-07-11T03:06:02.238+0700: 32718.851: Total time for which application threads were stopped: 0.0002304 seconds, Stopping threads took: 0.0000619 seconds
2021-07-11T03:12:21.946+0700: 33098.559: Total time for which application threads were stopped: 0.0002394 seconds, Stopping threads took: 0.0000968 seconds
2021-07-11T03:16:50.440+0700: 33367.054: Total time for which application threads were stopped: 0.0006253 seconds, Stopping threads took: 0.0002141 seconds
2021-07-11T03:17:31.512+0700: 33408.125: Total time for which application threads were stopped: 0.0002233 seconds, Stopping threads took: 0.0000845 seconds
2021-07-11T03:17:49.319+0700: 33425.933: Total time for which application threads were stopped: 0.0006885 seconds, Stopping threads took: 0.0000873 seconds
2021-07-11T03:17:50.322+0700: 33426.935: Total time for which application threads were stopped: 0.0003559 seconds, Stopping threads took: 0.0000778 seconds
2021-07-11T03:18:53.460+0700: 33490.074: Total time for which application threads were stopped: 0.0003767 seconds, Stopping threads took: 0.0000989 seconds
2021-07-11T03:19:22.519+0700: 33519.132: Total time for which application threads were stopped: 0.0003154 seconds, Stopping threads took: 0.0000753 seconds
2021-07-11T03:21:11.725+0700: 33628.338: Total time for which application threads were stopped: 0.0004079 seconds, Stopping threads took: 0.0001074 seconds
2021-07-11T03:21:18.737+0700: 33635.351: Total time for which application threads were stopped: 0.0003845 seconds, Stopping threads took: 0.0000940 seconds
2021-07-11T03:23:07.938+0700: 33744.551: Total time for which application threads were stopped: 0.0003903 seconds, Stopping threads took: 0.0001051 seconds
2021-07-11T03:23:22.967+0700: 33759.581: Total time for which application threads were stopped: 0.0002503 seconds, Stopping threads took: 0.0000716 seconds
2021-07-11T03:25:33.212+0700: 33889.825: Total time for which application threads were stopped: 0.0002735 seconds, Stopping threads took: 0.0000792 seconds
2021-07-11T03:26:26.320+0700: 33942.933: Total time for which application threads were stopped: 0.0002286 seconds, Stopping threads took: 0.0000636 seconds
2021-07-11T03:27:10.409+0700: 33987.022: Total time for which application threads were stopped: 0.0002420 seconds, Stopping threads took: 0.0000663 seconds
2021-07-11T03:29:01.616+0700: 34098.229: Total time for which application threads were stopped: 0.0002311 seconds, Stopping threads took: 0.0000610 seconds
2021-07-11T03:29:02.619+0700: 34099.232: Total time for which application threads were stopped: 0.0001709 seconds, Stopping threads took: 0.0000517 seconds
2021-07-11T03:31:04.857+0700: 34221.470: Total time for which application threads were stopped: 0.0002576 seconds, Stopping threads took: 0.0000661 seconds
2021-07-11T03:31:13.824+0700: 34230.437: Total time for which application threads were stopped: 0.0002185 seconds, Stopping threads took: 0.0000429 seconds
2021-07-11T03:31:14.826+0700: 34231.440: Total time for which application threads were stopped: 0.0003505 seconds, Stopping threads took: 0.0001079 seconds
2021-07-11T03:31:14.855+0700: 34231.468: Total time for which application threads were stopped: 0.0002734 seconds, Stopping threads took: 0.0000602 seconds
2021-07-11T03:31:14.875+0700: 34231.488: Total time for which application threads were stopped: 0.0004370 seconds, Stopping threads took: 0.0000610 seconds
2021-07-11T03:31:14.875+0700: 34231.489: Total time for which application threads were stopped: 0.0002199 seconds, Stopping threads took: 0.0000501 seconds
2021-07-11T03:31:14.890+0700: 34231.504: Total time for which application threads were stopped: 0.0002654 seconds, Stopping threads took: 0.0000734 seconds
2021-07-11T03:31:15.894+0700: 34232.507: Total time for which application threads were stopped: 0.0002420 seconds, Stopping threads took: 0.0000630 seconds
2021-07-11T03:31:23.073+0700: 34239.686: Total time for which application threads were stopped: 0.0003368 seconds, Stopping threads took: 0.0000317 seconds
2021-07-11T03:31:23.074+0700: 34239.687: Total time for which application threads were stopped: 0.0001095 seconds, Stopping threads took: 0.0000204 seconds
2021-07-11T03:31:23.074+0700: 34239.687: Total time for which application threads were stopped: 0.0000871 seconds, Stopping threads took: 0.0000201 seconds
2021-07-11T03:31:23.074+0700: 34239.687: Total time for which application threads were stopped: 0.0000872 seconds, Stopping threads took: 0.0000199 seconds
2021-07-11T03:31:23.074+0700: 34239.687: Total time for which application threads were stopped: 0.0000865 seconds, Stopping threads took: 0.0000200 seconds
2021-07-11T03:31:23.074+0700: 34239.687: Total time for which application threads were stopped: 0.0000870 seconds, Stopping threads took: 0.0000200 seconds
2021-07-11T03:31:23.075+0700: 34239.688: Total time for which application threads were stopped: 0.0001039 seconds, Stopping threads took: 0.0000322 seconds
2021-07-11T03:31:23.075+0700: 34239.688: Total time for which application threads were stopped: 0.0000938 seconds, Stopping threads took: 0.0000213 seconds
2021-07-11T03:31:23.075+0700: 34239.688: Total time for which application threads were stopped: 0.0000903 seconds, Stopping threads took: 0.0000205 seconds
2021-07-11T03:31:23.075+0700: 34239.688: Total time for which application threads were stopped: 0.0000898 seconds, Stopping threads took: 0.0000201 seconds
2021-07-11T03:31:23.075+0700: 34239.689: Total time for which application threads were stopped: 0.0000892 seconds, Stopping threads took: 0.0000204 seconds
2021-07-11T03:31:23.075+0700: 34239.689: Total time for which application threads were stopped: 0.0000882 seconds, Stopping threads took: 0.0000202 seconds
2021-07-11T03:31:28.848+0700: 34245.461: Total time for which application threads were stopped: 0.0002775 seconds, Stopping threads took: 0.0000763 seconds
2021-07-11T03:31:28.927+0700: 34245.540: Total time for which application threads were stopped: 0.0001583 seconds, Stopping threads took: 0.0000431 seconds
2021-07-11T03:31:28.931+0700: 34245.544: Total time for which application threads were stopped: 0.0003474 seconds, Stopping threads took: 0.0000864 seconds
2021-07-11T03:31:28.932+0700: 34245.544: Total time for which application threads were stopped: 0.0001884 seconds, Stopping threads took: 0.0000674 seconds
2021-07-11T03:31:28.932+0700: 34245.545: Total time for which application threads were stopped: 0.0001674 seconds, Stopping threads took: 0.0000656 seconds
2021-07-11T03:33:19.168+0700: 34355.781: Total time for which application threads were stopped: 0.0002713 seconds, Stopping threads took: 0.0000972 seconds
2021-07-11T03:33:36.972+0700: 34373.586: Total time for which application threads were stopped: 0.0005933 seconds, Stopping threads took: 0.0000536 seconds
2021-07-11T03:33:36.975+0700: 34373.588: Total time for which application threads were stopped: 0.0013465 seconds, Stopping threads took: 0.0003040 seconds
2021-07-11T03:35:09.734+0700: 34466.347: Total time for which application threads were stopped: 0.0002564 seconds, Stopping threads took: 0.0000701 seconds
2021-07-11T03:35:09.735+0700: 34466.348: Total time for which application threads were stopped: 0.0002245 seconds, Stopping threads took: 0.0000500 seconds
2021-07-11T03:35:09.736+0700: 34466.349: Total time for which application threads were stopped: 0.0002160 seconds, Stopping threads took: 0.0000514 seconds
2021-07-11T03:38:26.168+0700: 34662.782: Total time for which application threads were stopped: 0.0001776 seconds, Stopping threads took: 0.0000531 seconds
2021-07-11T03:38:58.225+0700: 34694.839: Total time for which application threads were stopped: 0.0004176 seconds, Stopping threads took: 0.0002163 seconds
2021-07-11T03:41:08.195+0700: 34824.808: Total time for which application threads were stopped: 0.0113055 seconds, Stopping threads took: 0.0110408 seconds
2021-07-11T03:41:09.208+0700: 34825.822: Total time for which application threads were stopped: 0.0003195 seconds, Stopping threads took: 0.0000898 seconds
2021-07-11T03:41:09.217+0700: 34825.830: Total time for which application threads were stopped: 0.0003524 seconds, Stopping threads took: 0.0000934 seconds
2021-07-11T03:41:09.217+0700: 34825.830: Total time for which application threads were stopped: 0.0002269 seconds, Stopping threads took: 0.0000491 seconds
2021-07-11T03:41:09.225+0700: 34825.838: Total time for which application threads were stopped: 0.0002926 seconds, Stopping threads took: 0.0000701 seconds
2021-07-11T03:41:10.227+0700: 34826.840: Total time for which application threads were stopped: 0.0005127 seconds, Stopping threads took: 0.0000520 seconds
2021-07-11T03:41:13.477+0700: 34830.091: Total time for which application threads were stopped: 0.0002497 seconds, Stopping threads took: 0.0000912 seconds
2021-07-11T03:41:13.478+0700: 34830.092: Total time for which application threads were stopped: 0.0002990 seconds, Stopping threads took: 0.0001085 seconds
2021-07-11T03:41:13.481+0700: 34830.094: Total time for which application threads were stopped: 0.0017450 seconds, Stopping threads took: 0.0015587 seconds
2021-07-11T03:41:14.485+0700: 34831.098: Total time for which application threads were stopped: 0.0002798 seconds, Stopping threads took: 0.0000916 seconds
2021-07-11T03:41:23.204+0700: 34839.817: Total time for which application threads were stopped: 0.0001824 seconds, Stopping threads took: 0.0000396 seconds
2021-07-11T03:41:23.214+0700: 34839.827: Total time for which application threads were stopped: 0.0002025 seconds, Stopping threads took: 0.0000575 seconds
2021-07-11T03:41:23.215+0700: 34839.828: Total time for which application threads were stopped: 0.0002006 seconds, Stopping threads took: 0.0000440 seconds
2021-07-11T03:41:23.217+0700: 34839.830: Total time for which application threads were stopped: 0.0002337 seconds, Stopping threads took: 0.0000472 seconds
2021-07-11T03:41:23.219+0700: 34839.832: Total time for which application threads were stopped: 0.0004573 seconds, Stopping threads took: 0.0000417 seconds
2021-07-11T03:41:23.264+0700: 34839.877: Total time for which application threads were stopped: 0.0002096 seconds, Stopping threads took: 0.0000554 seconds
2021-07-11T03:41:23.266+0700: 34839.879: Total time for which application threads were stopped: 0.0002556 seconds, Stopping threads took: 0.0000790 seconds
2021-07-11T03:41:23.266+0700: 34839.879: Total time for which application threads were stopped: 0.0001265 seconds, Stopping threads took: 0.0000301 seconds
2021-07-11T03:41:23.266+0700: 34839.879: Total time for which application threads were stopped: 0.0001128 seconds, Stopping threads took: 0.0000238 seconds
2021-07-11T03:41:24.268+0700: 34840.881: Total time for which application threads were stopped: 0.0001825 seconds, Stopping threads took: 0.0000481 seconds
2021-07-11T03:50:24.284+0700: 35380.897: Total time for which application threads were stopped: 0.0002149 seconds, Stopping threads took: 0.0000773 seconds
2021-07-11T03:51:57.482+0700: 35474.096: Total time for which application threads were stopped: 0.0004287 seconds, Stopping threads took: 0.0001399 seconds
2021-07-11T03:56:24.988+0700: 35741.601: Total time for which application threads were stopped: 0.0002165 seconds, Stopping threads took: 0.0000543 seconds
2021-07-11T03:57:25.093+0700: 35801.706: Total time for which application threads were stopped: 0.0002687 seconds, Stopping threads took: 0.0000744 seconds
2021-07-11T20:43:07.985+0700: 96149.983: Total time for which application threads were stopped: 0.0003346 seconds, Stopping threads took: 0.0001091 seconds
2021-07-11T20:45:08.233+0700: 96270.231: Total time for which application threads were stopped: 0.0003067 seconds, Stopping threads took: 0.0000917 seconds
2021-07-11T21:16:10.955+0700: 98131.729: Total time for which application threads were stopped: 0.0004149 seconds, Stopping threads took: 0.0001450 seconds
2021-07-11T21:51:13.963+0700: 100234.736: Total time for which application threads were stopped: 0.0004319 seconds, Stopping threads took: 0.0001592 seconds
2021-07-11T23:14:19.464+0700: 105220.238: Total time for which application threads were stopped: 0.0011324 seconds, Stopping threads took: 0.0004178 seconds
2021-07-11T23:23:19.518+0700: 105760.292: Total time for which application threads were stopped: 0.0004951 seconds, Stopping threads took: 0.0001308 seconds
2021-07-12T00:04:55.042+0700: 108255.816: Total time for which application threads were stopped: 0.0004318 seconds, Stopping threads took: 0.0001530 seconds
2021-07-12T00:45:24.661+0700: 110685.435: Total time for which application threads were stopped: 0.0004317 seconds, Stopping threads took: 0.0001207 seconds
2021-07-12T00:59:25.248+0700: 111526.022: Total time for which application threads were stopped: 0.0005533 seconds, Stopping threads took: 0.0001943 seconds
2021-07-12T01:12:26.789+0700: 112307.562: Total time for which application threads were stopped: 0.0003295 seconds, Stopping threads took: 0.0001838 seconds
2021-07-12T01:13:25.913+0700: 112366.686: Total time for which application threads were stopped: 0.0002065 seconds, Stopping threads took: 0.0000623 seconds
2021-07-12T01:52:29.413+0700: 114710.186: Total time for which application threads were stopped: 0.0005460 seconds, Stopping threads took: 0.0002022 seconds
2021-07-12T09:06:13.832+0700: 140740.784: Total time for which application threads were stopped: 0.0044094 seconds, Stopping threads took: 0.0009702 seconds
2021-07-12T09:06:14.355+0700: 140741.308: Total time for which application threads were stopped: 0.0008902 seconds, Stopping threads took: 0.0000570 seconds
2021-07-12T09:06:14.357+0700: 140741.309: Total time for which application threads were stopped: 0.0007904 seconds, Stopping threads took: 0.0003120 seconds
2021-07-12T09:06:15.357+0700: 140742.309: Total time for which application threads were stopped: 0.0002636 seconds, Stopping threads took: 0.0000774 seconds
2021-07-12T09:11:54.007+0700: 141080.959: Total time for which application threads were stopped: 0.0004103 seconds, Stopping threads took: 0.0000631 seconds
2021-07-12T09:11:55.007+0700: 141081.960: Total time for which application threads were stopped: 0.0003528 seconds, Stopping threads took: 0.0000912 seconds
2021-07-12T09:11:57.880+0700: 141084.832: Total time for which application threads were stopped: 0.0021706 seconds, Stopping threads took: 0.0013147 seconds
2021-07-12T09:11:58.882+0700: 141085.834: Total time for which application threads were stopped: 0.0002106 seconds, Stopping threads took: 0.0000562 seconds
2021-07-12T09:12:00.887+0700: 141087.839: Total time for which application threads were stopped: 0.0003457 seconds, Stopping threads took: 0.0000960 seconds
2021-07-12T09:12:18.638+0700: 141105.590: Total time for which application threads were stopped: 0.0015119 seconds, Stopping threads took: 0.0000553 seconds
2021-07-12T09:12:18.639+0700: 141105.591: Total time for which application threads were stopped: 0.0002168 seconds, Stopping threads took: 0.0000476 seconds
2021-07-12T09:12:18.640+0700: 141105.592: Total time for which application threads were stopped: 0.0002262 seconds, Stopping threads took: 0.0000461 seconds
2021-07-12T09:12:18.642+0700: 141105.594: Total time for which application threads were stopped: 0.0002203 seconds, Stopping threads took: 0.0000442 seconds
2021-07-12T09:12:18.643+0700: 141105.595: Total time for which application threads were stopped: 0.0002305 seconds, Stopping threads took: 0.0000342 seconds
2021-07-12T09:12:18.647+0700: 141105.600: Total time for which application threads were stopped: 0.0003028 seconds, Stopping threads took: 0.0000532 seconds
2021-07-12T09:12:19.649+0700: 141106.601: Total time for which application threads were stopped: 0.0003208 seconds, Stopping threads took: 0.0000660 seconds
2021-07-12T09:12:21.487+0700: 141108.439: Total time for which application threads were stopped: 0.0002542 seconds, Stopping threads took: 0.0000449 seconds
2021-07-12T09:12:54.544+0700: 141141.496: Total time for which application threads were stopped: 0.0004388 seconds, Stopping threads took: 0.0002089 seconds
2021-07-12T09:12:56.547+0700: 141143.499: Total time for which application threads were stopped: 0.0002486 seconds, Stopping threads took: 0.0000647 seconds
2021-07-12T09:12:58.550+0700: 141145.502: Total time for which application threads were stopped: 0.0002693 seconds, Stopping threads took: 0.0000848 seconds
2021-07-12T09:13:02.556+0700: 141149.509: Total time for which application threads were stopped: 0.0003236 seconds, Stopping threads took: 0.0000841 seconds
2021-07-12T09:13:04.560+0700: 141151.512: Total time for which application threads were stopped: 0.0002894 seconds, Stopping threads took: 0.0000893 seconds
2021-07-12T09:13:40.626+0700: 141187.578: Total time for which application threads were stopped: 0.0002530 seconds, Stopping threads took: 0.0000639 seconds
2021-07-12T09:13:42.628+0700: 141189.580: Total time for which application threads were stopped: 0.0002685 seconds, Stopping threads took: 0.0000785 seconds
2021-07-12T09:13:44.630+0700: 141191.582: Total time for which application threads were stopped: 0.0002742 seconds, Stopping threads took: 0.0000755 seconds
2021-07-12T09:14:09.685+0700: 141216.638: Total time for which application threads were stopped: 0.0003735 seconds, Stopping threads took: 0.0000887 seconds
2021-07-12T09:14:11.688+0700: 141218.640: Total time for which application threads were stopped: 0.0001603 seconds, Stopping threads took: 0.0000439 seconds
2021-07-12T09:14:13.689+0700: 141220.641: Total time for which application threads were stopped: 0.0002698 seconds, Stopping threads took: 0.0000864 seconds
2021-07-12T09:14:15.694+0700: 141222.646: Total time for which application threads were stopped: 0.0003529 seconds, Stopping threads took: 0.0000876 seconds
2021-07-12T09:14:19.702+0700: 141226.654: Total time for which application threads were stopped: 0.0001871 seconds, Stopping threads took: 0.0000603 seconds
2021-07-12T09:14:27.721+0700: 141234.673: Total time for which application threads were stopped: 0.0002675 seconds, Stopping threads took: 0.0000754 seconds
2021-07-12T09:14:49.762+0700: 141256.714: Total time for which application threads were stopped: 0.0002556 seconds, Stopping threads took: 0.0000738 seconds
2021-07-12T09:14:57.779+0700: 141264.731: Total time for which application threads were stopped: 0.0002530 seconds, Stopping threads took: 0.0000702 seconds
2021-07-12T09:15:37.846+0700: 141304.798: Total time for which application threads were stopped: 0.0002382 seconds, Stopping threads took: 0.0000628 seconds
2021-07-12T09:15:49.869+0700: 141316.821: Total time for which application threads were stopped: 0.0002701 seconds, Stopping threads took: 0.0000674 seconds
2021-07-12T09:15:53.874+0700: 141320.826: Total time for which application threads were stopped: 0.0002583 seconds, Stopping threads took: 0.0000649 seconds
2021-07-12T09:15:58.880+0700: 141325.833: Total time for which application threads were stopped: 0.0003580 seconds, Stopping threads took: 0.0001603 seconds
2021-07-12T09:15:59.883+0700: 141326.835: Total time for which application threads were stopped: 0.0004632 seconds, Stopping threads took: 0.0001647 seconds
2021-07-12T09:16:01.887+0700: 141328.839: Total time for which application threads were stopped: 0.0003280 seconds, Stopping threads took: 0.0000707 seconds
2021-07-12T09:16:19.934+0700: 141346.886: Total time for which application threads were stopped: 0.0002817 seconds, Stopping threads took: 0.0000983 seconds
2021-07-12T09:16:21.938+0700: 141348.890: Total time for which application threads were stopped: 0.0003537 seconds, Stopping threads took: 0.0001577 seconds
2021-07-12T09:16:31.959+0700: 141358.911: Total time for which application threads were stopped: 0.0003223 seconds, Stopping threads took: 0.0000873 seconds
2021-07-12T09:17:02.015+0700: 141388.967: Total time for which application threads were stopped: 0.0003530 seconds, Stopping threads took: 0.0001142 seconds
2021-07-12T09:17:10.029+0700: 141396.981: Total time for which application threads were stopped: 0.0004218 seconds, Stopping threads took: 0.0000866 seconds
2021-07-12T09:17:12.031+0700: 141398.984: Total time for which application threads were stopped: 0.0003456 seconds, Stopping threads took: 0.0000732 seconds
2021-07-12T09:17:14.037+0700: 141400.990: Total time for which application threads were stopped: 0.0003722 seconds, Stopping threads took: 0.0001007 seconds
2021-07-12T09:17:20.046+0700: 141406.999: Total time for which application threads were stopped: 0.0003446 seconds, Stopping threads took: 0.0000851 seconds
2021-07-12T09:17:30.070+0700: 141417.022: Total time for which application threads were stopped: 0.0002385 seconds, Stopping threads took: 0.0000636 seconds
2021-07-12T09:17:52.105+0700: 141439.057: Total time for which application threads were stopped: 0.0002413 seconds, Stopping threads took: 0.0000641 seconds
2021-07-12T09:18:06.126+0700: 141453.078: Total time for which application threads were stopped: 0.0001969 seconds, Stopping threads took: 0.0000885 seconds
2021-07-12T09:18:08.130+0700: 141455.082: Total time for which application threads were stopped: 0.0003761 seconds, Stopping threads took: 0.0000939 seconds
2021-07-12T09:18:10.132+0700: 141457.084: Total time for which application threads were stopped: 0.0002453 seconds, Stopping threads took: 0.0000691 seconds
2021-07-12T09:18:12.135+0700: 141459.087: Total time for which application threads were stopped: 0.0003624 seconds, Stopping threads took: 0.0000627 seconds
2021-07-12T09:18:16.147+0700: 141463.099: Total time for which application threads were stopped: 0.0002332 seconds, Stopping threads took: 0.0000645 seconds
2021-07-12T09:18:36.185+0700: 141483.137: Total time for which application threads were stopped: 0.0003386 seconds, Stopping threads took: 0.0001619 seconds
2021-07-12T09:18:38.187+0700: 141485.139: Total time for which application threads were stopped: 0.0002415 seconds, Stopping threads took: 0.0000671 seconds
2021-07-12T09:18:40.189+0700: 141487.141: Total time for which application threads were stopped: 0.0003512 seconds, Stopping threads took: 0.0000857 seconds
2021-07-12T09:18:44.194+0700: 141491.146: Total time for which application threads were stopped: 0.0003534 seconds, Stopping threads took: 0.0000863 seconds
2021-07-12T09:18:46.199+0700: 141493.152: Total time for which application threads were stopped: 0.0003832 seconds, Stopping threads took: 0.0001065 seconds
2021-07-12T09:18:48.202+0700: 141495.154: Total time for which application threads were stopped: 0.0002719 seconds, Stopping threads took: 0.0000943 seconds
2021-07-12T09:18:54.213+0700: 141501.165: Total time for which application threads were stopped: 0.0002694 seconds, Stopping threads took: 0.0000931 seconds
2021-07-12T09:19:12.251+0700: 141519.203: Total time for which application threads were stopped: 0.0002538 seconds, Stopping threads took: 0.0000664 seconds
2021-07-12T09:19:20.266+0700: 141527.218: Total time for which application threads were stopped: 0.0002768 seconds, Stopping threads took: 0.0000861 seconds
2021-07-12T09:19:52.332+0700: 141559.284: Total time for which application threads were stopped: 0.0003065 seconds, Stopping threads took: 0.0001730 seconds
2021-07-12T09:20:36.408+0700: 141603.360: Total time for which application threads were stopped: 0.0002495 seconds, Stopping threads took: 0.0000643 seconds
2021-07-12T09:20:44.424+0700: 141611.376: Total time for which application threads were stopped: 0.0003164 seconds, Stopping threads took: 0.0000773 seconds
2021-07-12T09:20:48.430+0700: 141615.382: Total time for which application threads were stopped: 0.0002942 seconds, Stopping threads took: 0.0000995 seconds
2021-07-12T09:20:54.440+0700: 141621.392: Total time for which application threads were stopped: 0.0002737 seconds, Stopping threads took: 0.0001019 seconds
2021-07-12T09:21:00.455+0700: 141627.407: Total time for which application threads were stopped: 0.0002577 seconds, Stopping threads took: 0.0000812 seconds
2021-07-12T09:21:12.481+0700: 141639.433: Total time for which application threads were stopped: 0.0003726 seconds, Stopping threads took: 0.0001193 seconds
2021-07-12T09:21:34.522+0700: 141661.474: Total time for which application threads were stopped: 0.0003794 seconds, Stopping threads took: 0.0001089 seconds
2021-07-12T09:21:36.525+0700: 141663.478: Total time for which application threads were stopped: 0.0004741 seconds, Stopping threads took: 0.0000993 seconds
2021-07-12T09:21:38.530+0700: 141665.482: Total time for which application threads were stopped: 0.0003784 seconds, Stopping threads took: 0.0000759 seconds
2021-07-12T09:21:44.542+0700: 141671.494: Total time for which application threads were stopped: 0.0003937 seconds, Stopping threads took: 0.0001345 seconds
2021-07-12T09:22:22.624+0700: 141709.576: Total time for which application threads were stopped: 0.0003410 seconds, Stopping threads took: 0.0000917 seconds
2021-07-12T09:22:24.631+0700: 141711.583: Total time for which application threads were stopped: 0.0003530 seconds, Stopping threads took: 0.0000893 seconds
2021-07-12T09:23:44.755+0700: 141791.708: Total time for which application threads were stopped: 0.0005105 seconds, Stopping threads took: 0.0001221 seconds
2021-07-12T09:24:41.861+0700: 141848.814: Total time for which application threads were stopped: 0.0004301 seconds, Stopping threads took: 0.0002207 seconds
2021-07-12T09:24:44.868+0700: 141851.821: Total time for which application threads were stopped: 0.0002968 seconds, Stopping threads took: 0.0000998 seconds
2021-07-12T09:30:42.519+0700: 142209.471: Total time for which application threads were stopped: 0.0002566 seconds, Stopping threads took: 0.0000728 seconds
{Heap before GC invocations=11 (full 0):
 garbage-first heap   total 1048576K, used 651904K [0x00000006c0000000, 0x00000006c0102000, 0x00000007c0000000)
  region size 1024K, 614 young (628736K), 49 survivors (50176K)
 Metaspace       used 48192K, capacity 50180K, committed 50344K, reserved 1093632K
  class space    used 5780K, capacity 6229K, committed 6320K, reserved 1048576K
2021-07-12T09:37:45.150+0700: 142632.102: [GC pause (G1 Evacuation Pause) (young)
Desired survivor size 40370176 bytes, new threshold 5 (max 15)
- age   1:   13780536 bytes,   13780536 total
- age   2:    7694680 bytes,   21475216 total
- age   3:   12194912 bytes,   33670128 total
- age   4:    3955072 bytes,   37625200 total
- age   5:    3354976 bytes,   40980176 total
- age   6:     164928 bytes,   41145104 total
- age   7:    1845352 bytes,   42990456 total
, 0.2262481 secs]
   [Parallel Time: 209.6 ms, GC Workers: 4]
      [GC Worker Start (ms): Min: 142632111.9, Avg: 142632111.9, Max: 142632112.0, Diff: 0.1]
      [Ext Root Scanning (ms): Min: 8.0, Avg: 16.8, Max: 42.8, Diff: 34.8, Sum: 67.3]
      [Update RS (ms): Min: 0.0, Avg: 11.9, Max: 16.9, Diff: 16.9, Sum: 47.5]
         [Processed Buffers: Min: 0, Avg: 6.0, Max: 19, Diff: 19, Sum: 24]
      [Scan RS (ms): Min: 0.1, Avg: 0.4, Max: 0.9, Diff: 0.8, Sum: 1.7]
      [Code Root Scanning (ms): Min: 0.0, Avg: 5.7, Max: 8.8, Diff: 8.8, Sum: 23.0]
      [Object Copy (ms): Min: 165.2, Avg: 173.2, Max: 176.6, Diff: 11.4, Sum: 692.8]
      [Termination (ms): Min: 0.0, Avg: 0.0, Max: 0.0, Diff: 0.0, Sum: 0.0]
         [Termination Attempts: Min: 1, Avg: 1.0, Max: 1, Diff: 0, Sum: 4]
      [GC Worker Other (ms): Min: 0.2, Avg: 0.3, Max: 0.4, Diff: 0.2, Sum: 1.3]
      [GC Worker Total (ms): Min: 208.3, Avg: 208.4, Max: 208.4, Diff: 0.2, Sum: 833.6]
      [GC Worker End (ms): Min: 142632320.3, Avg: 142632320.3, Max: 142632320.3, Diff: 0.0]
   [Code Root Fixup: 0.3 ms]
   [Code Root Purge: 0.1 ms]
   [Clear CT: 1.8 ms]
   [Other: 14.5 ms]
      [Choose CSet: 0.0 ms]
      [Ref Proc: 2.1 ms]
      [Ref Enq: 0.1 ms]
      [Redirty Cards: 0.1 ms]
      [Humongous Register: 5.9 ms]
      [Humongous Reclaim: 0.2 ms]
      [Free CSet: 2.6 ms]
   [Eden: 565.0M(565.0M)->0.0B(578.0M) Survivors: 49.0M->36.0M Heap: 636.6M(1024.0M)->57.5M(1024.0M)]
Heap after GC invocations=12 (full 0):
 garbage-first heap   total 1048576K, used 58876K [0x00000006c0000000, 0x00000006c0102000, 0x00000007c0000000)
  region size 1024K, 36 young (36864K), 36 survivors (36864K)
 Metaspace       used 48192K, capacity 50180K, committed 50344K, reserved 1093632K
  class space    used 5780K, capacity 6229K, committed 6320K, reserved 1048576K
}
 [Times: user=0.25 sys=0.45, real=0.23 secs] 
